Component: ARM Compiler 5.06 update 6 (build 750) Tool: armlink [4d35ed]

==============================================================================

Section Cross References

    startup_arty_cm1.o(STACK) refers (Special) to heapauxi.o(.text) for __use_two_region_memory
    startup_arty_cm1.o(HEAP) refers (Special) to heapauxi.o(.text) for __use_two_region_memory
    startup_arty_cm1.o(RESET) refers (Special) to heapauxi.o(.text) for __use_two_region_memory
    startup_arty_cm1.o(RESET) refers to startup_arty_cm1.o(STACK) for __initial_sp
    startup_arty_cm1.o(RESET) refers to startup_arty_cm1.o(.text) for Reset_Handler
    startup_arty_cm1.o(RESET) refers to uart.o(.text) for UART0_Handler
    startup_arty_cm1.o(RESET) refers to gpio.o(.text) for GPIO0_Handler
    startup_arty_cm1.o(RESET) refers to spi.o(.text) for QSPI0_Handler
    startup_arty_cm1.o(RESET) refers to main.o(.text) for DAPLinkFittedn
    startup_arty_cm1.o(.text) refers (Special) to heapauxi.o(.text) for __use_two_region_memory
    startup_arty_cm1.o(.text) refers to system_arty_cm1.o(.text) for SystemInit
    startup_arty_cm1.o(.text) refers to __main.o(!!!main) for __main
    startup_arty_cm1.o(.text) refers to startup_arty_cm1.o(HEAP) for Heap_Mem
    startup_arty_cm1.o(.text) refers to startup_arty_cm1.o(STACK) for Stack_Mem
    system_arty_cm1.o(.text) refers to system_arty_cm1.o(.data) for SystemCoreClock
    outbyte.o(.text) refers to xuartlite_l.o(.text) for XUartLite_SendByte
    print.o(.text) refers to outbyte.o(.text) for outbyte
    xil_assert.o(.text) refers to xil_assert.o(.data) for Xil_AssertCallbackRoutine
    xil_printf.o(.text) refers to outbyte.o(.text) for outbyte
    xil_printf.o(.text) refers to strlen.o(.text) for strlen
    xil_printf.o(.text) refers to rt_memcpy.o(.emb_text) for __aeabi_memcpy4
    xil_printf.o(.text) refers to aeabi_sdiv.o(.text) for __aeabi_uidivmod
    xil_printf.o(.text) refers to rt_ctype_table.o(.text) for __rt_ctype_table
    xil_printf.o(.text) refers to tolower.o(.text) for tolower
    main.o(.text) refers to _printf_percent.o(.ARM.Collect$$_printf_percent$$00000000) for _printf_percent
    main.o(.text) refers to _printf_x.o(.ARM.Collect$$_printf_percent$$0000000C) for _printf_x
    main.o(.text) refers to _printf_hex_int.o(.text) for _printf_longlong_hex
    main.o(.text) refers to _printf_i.o(.ARM.Collect$$_printf_percent$$00000008) for _printf_i
    main.o(.text) refers to _printf_s.o(.ARM.Collect$$_printf_percent$$00000014) for _printf_s
    main.o(.text) refers to _printf_dec.o(.text) for _printf_int_dec
    main.o(.text) refers to _printf_str.o(.text) for _printf_str
    main.o(.text) refers to rt_memcpy.o(.emb_text) for __aeabi_memcpy4
    main.o(.text) refers to uart.o(.text) for InitialiseUART
    main.o(.text) refers to gpio.o(.text) for InitialiseGPIO
    main.o(.text) refers to print.o(.text) for print
    main.o(.text) refers to spi.o(.text) for InitialiseSPI
    main.o(.text) refers to strcpy.o(.text) for strcpy
    main.o(.text) refers to noretval__2sprintf.o(.text) for __2sprintf
    main.o(.text) refers to main.o(.constdata) for .constdata
    gpio.o(.text) refers to xgpio_sinit.o(.text) for XGpio_Initialize
    gpio.o(.text) refers to xgpio.o(.text) for XGpio_SetDataDirection
    gpio.o(.text) refers to xgpio_intr.o(.text) for XGpio_InterruptEnable
    gpio.o(.text) refers to gpio.o(.bss) for Gpio_Led_DIPSw
    spi.o(.text) refers to _printf_percent.o(.ARM.Collect$$_printf_percent$$00000000) for _printf_percent
    spi.o(.text) refers to _printf_i.o(.ARM.Collect$$_printf_percent$$00000008) for _printf_i
    spi.o(.text) refers to _printf_dec.o(.text) for _printf_int_dec
    spi.o(.text) refers to xspi_sinit.o(.text) for XSpi_Initialize
    spi.o(.text) refers to xspi.o(.text) for XSpi_Reset
    spi.o(.text) refers to noretval__2sprintf.o(.text) for __2sprintf
    spi.o(.text) refers to print.o(.text) for print
    spi.o(.text) refers to spi.o(.bss) for QSPI_base
    uart.o(.text) refers to xuartlite_sinit.o(.text) for XUartLite_Initialize
    uart.o(.text) refers to xuartlite_intr.o(.text) for XUartLite_SetSendHandler
    uart.o(.text) refers to xuartlite.o(.text) for XUartLite_Recv
    uart.o(.text) refers to uart.o(.data) for TotalReceivedCount
    uart.o(.text) refers to uart.o(.bss) for UART0_instance
    xgpio.o(.text) refers to xil_assert.o(.text) for Xil_Assert
    xgpio.o(.text) refers to xil_assert.o(.data) for Xil_AssertStatus
    xgpio.o(.text) refers to xgpio.o(.conststring) for .conststring
    xgpio_extra.o(.text) refers to xil_assert.o(.text) for Xil_Assert
    xgpio_extra.o(.text) refers to xil_assert.o(.data) for Xil_AssertStatus
    xgpio_extra.o(.text) refers to xgpio_extra.o(.conststring) for .conststring
    xgpio_intr.o(.text) refers to xil_assert.o(.text) for Xil_Assert
    xgpio_intr.o(.text) refers to xil_assert.o(.data) for Xil_AssertStatus
    xgpio_intr.o(.text) refers to xgpio_intr.o(.conststring) for .conststring
[...]
    xspi_options.o(.text) refers to xspi_options.o(.conststring) for .conststring
    xspi_options.o(.text) refers to xspi_options.o(.data) for OptionsTable
    xspi_selftest.o(.text) refers to xil_assert.o(.text) for Xil_Assert
    xspi_selftest.o(.text) refers to xspi.o(.text) for XSpi_Reset
    xspi_selftest.o(.text) refers to xil_assert.o(.data) for Xil_AssertStatus
    xspi_selftest.o(.text) refers to xspi_selftest.o(.conststring) for .conststring
    xspi_sinit.o(.text) refers to xil_assert.o(.text) for Xil_Assert
    xspi_sinit.o(.text) refers to xspi.o(.text) for XSpi_CfgInitialize
    xspi_sinit.o(.text) refers to xspi_g.o(.data) for XSpi_ConfigTable
    xspi_sinit.o(.text) refers to xil_assert.o(.data) for Xil_AssertStatus
    xspi_sinit.o(.text) refers to xspi_sinit.o(.conststring) for .conststring
    xspi_stats.o(.text) refers to xil_assert.o(.text) for Xil_Assert
    xspi_stats.o(.text) refers to xil_assert.o(.data) for Xil_AssertStatus
    xspi_stats.o(.text) refers to xspi_stats.o(.conststring) for .conststring
    xuartlite.o(.text) refers to xil_assert.o(.text) for Xil_Assert
    xuartlite.o(.text) refers to xuartlite_stats.o(.text) for XUartLite_ClearStats
    xuartlite.o(.text) refers to xuartlite.o(.conststring) for .conststring
    xuartlite.o(.text) refers to xil_assert.o(.data) for Xil_AssertStatus
    xuartlite_intr.o(.text) refers to xil_assert.o(.text) for Xil_Assert
    xuartlite_intr.o(.text) refers to xuartlite.o(.text) for XUartLite_SendBuffer
    xuartlite_intr.o(.text) refers to xil_assert.o(.data) for Xil_AssertStatus
    xuartlite_intr.o(.text) refers to xuartlite_intr.o(.conststring) for .conststring
    xuartlite_selftest.o(.text) refers to xil_assert.o(.text) for Xil_Assert
    xuartlite_selftest.o(.text) refers to xuartlite.o(.text) for XUartLite_ResetFifos
    xuartlite_selftest.o(.text) refers to xil_assert.o(.data) for Xil_AssertStatus
    xuartlite_selftest.o(.text) refers to xuartlite_selftest.o(.conststring) for .conststring
    xuartlite_sinit.o(.text) refers to xil_assert.o(.text) for Xil_Assert
    xuartlite_sinit.o(.text) refers to xuartlite.o(.text) for XUartLite_CfgInitialize
    xuartlite_sinit.o(.text) refers to xuartlite_g.o(.data) for XUartLite_ConfigTable
    xuartlite_sinit.o(.text) refers to xil_assert.o(.data) for Xil_AssertStatus
    xuartlite_sinit.o(.text) refers to xuartlite_sinit.o(.conststring) for .conststring
    xuartlite_stats.o(.text) refers to xil_assert.o(.text) for Xil_Assert
    xuartlite_stats.o(.text) refers to xil_assert.o(.data) for Xil_AssertStatus
    xuartlite_stats.o(.text) refers to xuartlite_stats.o(.conststring) for .conststring
    rt_ctype_table.o(.text) refers to rt_locale_intlibspace.o(.text) for __rt_locale
    rt_ctype_table.o(.text) refers to lc_ctype_c.o(locale$$code) for _get_lc_ctype
    tolower.o(.text) refers to rt_ctype_table.o(.text) for __rt_ctype_table
    __2sprintf.o(.text) refers to _printf_char_common.o(.text) for _printf_char_common
    __2sprintf.o(.text) refers to _sputc.o(.text) for _sputc
    noretval__2sprintf.o(.text) refers to _printf_char_common.o(.text) for _printf_char_common
    noretval__2sprintf.o(.text) refers to _sputc.o(.text) for _sputc
    __printf.o(.text) refers to _printf_percent.o(.ARM.Collect$$_printf_percent$$00000000) for _printf_percent
    _printf_str.o(.text) refers (Special) to _printf_char.o(.text) for _printf_cs_common
    _printf_dec.o(.text) refers to rtudiv10.o(.text) for __rt_udiv10
    _printf_dec.o(.text) refers to _printf_intcommon.o(.text) for _printf_int_common
    _printf_hex_ll.o(.text) refers to _printf_intcommon.o(.text) for _printf_int_common
    _printf_hex_ll.o(.text) refers to _printf_hex_ll.o(.constdata) for .constdata
    _printf_hex_int.o(.text) refers to _printf_intcommon.o(.text) for _printf_int_common
    _printf_hex_int.o(.text) refers to _printf_hex_int.o(.constdata) for .constdata
    _printf_hex_int_ll.o(.text) refers to _printf_intcommon.o(.text) for _printf_int_common
    _printf_hex_int_ll.o(.text) refers to _printf_hex_int_ll.o(.constdata) for .constdata
    _printf_hex_ptr.o(.text) refers to _printf_intcommon.o(.text) for _printf_int_common
    _printf_hex_ptr.o(.text) refers to _printf_hex_ptr.o(.constdata) for .constdata
    _printf_hex_int_ptr.o(.text) refers to _printf_intcommon.o(.text) for _printf_int_common
    _printf_hex_int_ptr.o(.text) refers to _printf_hex_int_ptr.o(.constdata) for .constdata
    _printf_hex_ll_ptr.o(.text) refers to _printf_intcommon.o(.text) for _printf_int_common
    _printf_hex_ll_ptr.o(.text) refers to _printf_hex_ll_ptr.o(.constdata) for .constdata
    _printf_hex_int_ll_ptr.o(.text) refers to _printf_intcommon.o(.text) for _printf_int_common
    _printf_hex_int_ll_ptr.o(.text) refers to _printf_hex_int_ll_ptr.o(.constdata) for .constdata
    __printf_flags.o(.text) refers to _printf_percent.o(.ARM.Collect$$_printf_percent$$00000000) for _printf_percent
    __printf_flags.o(.text) refers to __printf_flags.o(.constdata) for .constdata
    __printf_ss.o(.text) refers to _printf_percent.o(.ARM.Collect$$_printf_percent$$00000000) for _printf_percent
    __printf_flags_ss.o(.text) refers to _printf_percent.o(.ARM.Collect$$_printf_percent$$00000000) for _printf_percent
    __printf_flags_ss.o(.text) refers to __printf_flags_ss.o(.constdata) for .constdata
    __printf_wp.o(.text) refers to __printf_wp.o(i._is_digit) for _is_digit
    __printf_wp.o(.text) refers to _printf_percent.o(.ARM.Collect$$_printf_percent$$00000000) for _printf_percent
    __printf_flags_wp.o(.text) refers to __printf_wp.o(i._is_digit) for _is_digit
    __printf_flags_wp.o(.text) refers to _printf_percent.o(.ARM.Collect$$_printf_percent$$00000000) for _printf_percent
    __printf_flags_wp.o(.text) refers to __printf_flags_wp.o(.constdata) for .constdata
    __printf_ss_wp.o(.text) refers to __printf_wp.o(i._is_digit) for _is_digit
    __printf_ss_wp.o(.text) refers to _printf_percent.o(.ARM.Collect$$_printf_percent$$00000000) for _printf_percent
    __printf_flags_ss_wp.o(.text) refers to __printf_wp.o(i._is_digit) for _is_digit
    __printf_flags_ss_wp.o(.text) refers to _printf_percent.o(.ARM.Collect$$_printf_percent$$00000000) for _printf_percent
    __printf_flags_ss_wp.o(.text) refers to __printf_flags_ss_wp.o(.constdata) for .constdata
    _printf_s.o(.ARM.Collect$$_printf_percent$$00000014) refers (Weak) to _printf_char.o(.text) for _printf_string
    _printf_x.o(.ARM.Collect$$_printf_percent$$0000000C) refers (Weak) to _printf_hex_int.o(.text) for _printf_int_hex
    _printf_i.o(.ARM.Collect$$_printf_percent$$00000008) refers (Weak) to _printf_dec.o(.text) for _printf_int_dec
    _printf_percent.o(.ARM.Collect$$_printf_percent$$00000000) refers (Special) to _printf_percent_end.o(.ARM.Collect$$_printf_percent$$00000017) for _printf_percent_end
    rt_memcpy.o(.text) refers to rt_memcpy.o(.emb_text) for __aeabi_memcpy4
    __main.o(!!!main) refers to __rtentry.o(.ARM.Collect$$rtentry$$00000000) for __rt_entry
    __rtentry.o(.ARM.Collect$$rtentry$$00000000) refers (Special) to __rtentry2.o(.ARM.Collect$$rtentry$$0000000A) for __rt_entry_li
    __rtentry.o(.ARM.Collect$$rtentry$$00000000) refers (Special) to __rtentry2.o(.ARM.Collect$$rtentry$$0000000D) for __rt_entry_main
    __rtentry.o(.ARM.Collect$$rtentry$$00000000) refers (Special) to __rtentry2.o(.ARM.Collect$$rtentry$$0000000C) for __rt_entry_postli_1
    __rtentry.o(.ARM.Collect$$rtentry$$00000000) refers (Special) to __rtentry2.o(.ARM.Collect$$rtentry$$00000009) for __rt_entry_postsh_1
    __rtentry.o(.ARM.Collect$$rtentry$$00000000) refers (Special) to __rtentry2.o(.ARM.Collect$$rtentry$$00000002) for __rt_entry_presh_1
    __rtentry.o(.ARM.Collect$$rtentry$$00000000) refers (Special) to __rtentry4.o(.ARM.Collect$$rtentry$$00000004) for __rt_entry_sh
    aeabi_idiv0_sigfpe.o(.text) refers to rt_div0.o(.text) for __rt_div0
    rt_locale.o(.text) refers to rt_locale.o(.bss) for __rt_locale_data
    rt_locale_intlibspace.o(.text) refers to libspace.o(.bss) for __libspace_start
    _printf_char_common.o(.text) refers to __printf.o(.text) for __printf
    _printf_char.o(.text) refers (Weak) to _printf_str.o(.text) for _printf_str
    lc_ctype_c.o(locale$$data) refers (Special) to libinit2.o(.ARM.Collect$$libinit$$00000012) for __rt_lib_init_lc_ctype_2
    lc_ctype_c.o(locale$$code) refers (Special) to libinit2.o(.ARM.Collect$$libinit$$00000012) for __rt_lib_init_lc_ctype_2
    lc_ctype_c.o(locale$$code) refers to strcmp.o(.text) for strcmp
    lc_ctype_c.o(locale$$code) refers to lc_ctype_c.o(locale$$data) for __lcctype_c_name
    libspace.o(.text) refers to libspace.o(.bss) for __libspace_start
    __rtentry2.o(.ARM.Collect$$rtentry$$00000008) refers to boardinit2.o(.text) for _platform_post_stackheap_init
    __rtentry2.o(.ARM.Collect$$rtentry$$0000000A) refers to libinit.o(.ARM.Collect$$libinit$$00000000) for __rt_lib_init
    __rtentry2.o(.ARM.Collect$$rtentry$$0000000B) refers to boardinit3.o(.text) for _platform_post_lib_init
    __rtentry2.o(.ARM.Collect$$rtentry$$0000000D) refers to main.o(.text) for main
    __rtentry2.o(.ARM.Collect$$rtentry$$0000000D) refers to exit.o(.text) for exit
    __rtentry2.o(.ARM.exidx) refers to __rtentry2.o(.ARM.Collect$$rtentry$$00000001) for .ARM.Collect$$rtentry$$00000001
    __rtentry2.o(.ARM.exidx) refers to __rtentry2.o(.ARM.Collect$$rtentry$$00000008) for .ARM.Collect$$rtentry$$00000008
    __rtentry2.o(.ARM.exidx) refers to __rtentry2.o(.ARM.Collect$$rtentry$$0000000A) for .ARM.Collect$$rtentry$$0000000A
    __rtentry2.o(.ARM.exidx) refers to __rtentry2.o(.ARM.Collect$$rtentry$$0000000B) for .ARM.Collect$$rtentry$$0000000B
    __rtentry2.o(.ARM.exidx) refers to __rtentry2.o(.ARM.Collect$$rtentry$$0000000D) for .ARM.Collect$$rtentry$$0000000D
    __rtentry4.o(.ARM.Collect$$rtentry$$00000004) refers to sys_stackheap_outer.o(.text) for __user_setup_stackheap
    __rtentry4.o(.ARM.exidx) refers to __rtentry4.o(.ARM.Collect$$rtentry$$00000004) for .ARM.Collect$$rtentry$$00000004
    rt_div0.o(.text) refers to defsig_fpe_outer.o(.text) for __rt_SIGFPE
    libinit2.o(.ARM.Collect$$libinit$$0000000F) refers (Weak) to rt_locale_intlibspace.o(.text) for __rt_locale
    libinit2.o(.ARM.Collect$$libinit$$00000010) refers to libinit2.o(.ARM.Collect$$libinit$$0000000F) for .ARM.Collect$$libinit$$0000000F
    libinit2.o(.ARM.Collect$$libinit$$00000012) refers to libinit2.o(.ARM.Collect$$libinit$$0000000F) for .ARM.Collect$$libinit$$0000000F
    libinit2.o(.ARM.Collect$$libinit$$00000012) refers (Weak) to lc_ctype_c.o(locale$$code) for _get_lc_ctype
    libinit2.o(.ARM.Collect$$libinit$$00000014) refers to libinit2.o(.ARM.Collect$$libinit$$0000000F) for .ARM.Collect$$libinit$$0000000F
    libinit2.o(.ARM.Collect$$libinit$$00000016) refers to libinit2.o(.ARM.Collect$$libinit$$0000000F) for .ARM.Collect$$libinit$$0000000F
    libinit2.o(.ARM.Collect$$libinit$$00000018) refers to libinit2.o(.ARM.Collect$$libinit$$0000000F) for .ARM.Collect$$libinit$$0000000F
    libinit2.o(.ARM.Collect$$libinit$$00000026) refers to argv_veneer.o(.text) for __ARM_argv_veneer
    libinit2.o(.ARM.Collect$$libinit$$00000027) refers to argv_veneer.o(.text) for __ARM_argv_veneer
    sys_stackheap_outer.o(.text) refers to libspace.o(.text) for __user_perproc_libspace
    sys_stackheap_outer.o(.text) refers to startup_arty_cm1.o(.text) for __user_initial_stackheap
    sys_stackheap_outer.o(__vectab_stack_and_reset_area) refers to tempstk.o(.text) for __temporary_stack_top
    sys_stackheap_outer.o(__vectab_stack_and_reset_area) refers to __main.o(!!!main) for __main
    exit.o(.text) refers to rtexit.o(.ARM.Collect$$rtexit$$00000000) for __rt_exit
    defsig_fpe_outer.o(.text) refers to defsig_fpe_inner.o(.text) for __rt_SIGFPE_inner
    defsig_fpe_outer.o(.text) refers to defsig_exit.o(.text) for __sig_exit
    defsig_fpe_formal.o(.text) refers to rt_raise.o(.text) for __rt_raise
    libinit.o(.ARM.Collect$$libinit$$00000000) refers (Special) to libinit2.o(.ARM.Collect$$libinit$$0000002E) for __rt_lib_init_alloca_1
    libinit.o(.ARM.Collect$$libinit$$00000000) refers (Special) to libinit2.o(.ARM.Collect$$libinit$$0000002C) for __rt_lib_init_argv_1
    libinit.o(.ARM.Collect$$libinit$$00000000) refers (Special) to libinit2.o(.ARM.Collect$$libinit$$0000001B) for __rt_lib_init_atexit_1
    libinit.o(.ARM.Collect$$libinit$$00000000) refers (Special) to libinit2.o(.ARM.Collect$$libinit$$00000021) for __rt_lib_init_clock_1
    libinit.o(.ARM.Collect$$libinit$$00000000) refers (Special) to libinit2.o(.ARM.Collect$$libinit$$00000032) for __rt_lib_init_cpp_1
    libinit.o(.ARM.Collect$$libinit$$00000000) refers (Special) to libinit2.o(.ARM.Collect$$libinit$$00000030) for __rt_lib_init_exceptions_1
    libinit.o(.ARM.Collect$$libinit$$00000000) refers (Special) to libinit2.o(.ARM.Collect$$libinit$$00000002) for __rt_lib_init_fp_1
    libinit.o(.ARM.Collect$$libinit$$00000000) refers (Special) to libinit2.o(.ARM.Collect$$libinit$$0000001F) for __rt_lib_init_fp_trap_1
    libinit.o(.ARM.Collect$$libinit$$00000000) refers (Special) to libinit2.o(.ARM.Collect$$libinit$$00000023) for __rt_lib_init_getenv_1
    libinit.o(.ARM.Collect$$libinit$$00000000) refers (Special) to libinit2.o(.ARM.Collect$$libinit$$0000000A) for __rt_lib_init_heap_1
    libinit.o(.ARM.Collect$$libinit$$00000000) refers (Special) to libinit2.o(.ARM.Collect$$libinit$$00000011) for __rt_lib_init_lc_collate_1
    libinit.o(.ARM.Collect$$libinit$$00000000) refers (Special) to libinit2.o(.ARM.Collect$$libinit$$00000013) for __rt_lib_init_lc_ctype_1
    libinit.o(.ARM.Collect$$libinit$$00000000) refers (Special) to libinit2.o(.ARM.Collect$$libinit$$00000015) for __rt_lib_init_lc_monetary_1
    libinit.o(.ARM.Collect$$libinit$$00000000) refers (Special) to libinit2.o(.ARM.Collect$$libinit$$00000017) for __rt_lib_init_lc_numeric_1
    libinit.o(.ARM.Collect$$libinit$$00000000) refers (Special) to libinit2.o(.ARM.Collect$$libinit$$00000019) for __rt_lib_init_lc_time_1
    libinit.o(.ARM.Collect$$libinit$$00000000) refers (Special) to libinit2.o(.ARM.Collect$$libinit$$00000004) for __rt_lib_init_preinit_1
    libinit.o(.ARM.Collect$$libinit$$00000000) refers (Special) to libinit2.o(.ARM.Collect$$libinit$$0000000E) for __rt_lib_init_rand_1
    libinit.o(.ARM.Collect$$libinit$$00000000) refers (Special) to libinit2.o(.ARM.Collect$$libinit$$00000033) for __rt_lib_init_return
    libinit.o(.ARM.Collect$$libinit$$00000000) refers (Special) to libinit2.o(.ARM.Collect$$libinit$$0000001D) for __rt_lib_init_signal_1
    libinit.o(.ARM.Collect$$libinit$$00000000) refers (Special) to libinit2.o(.ARM.Collect$$libinit$$00000025) for __rt_lib_init_stdio_1
    libinit.o(.ARM.Collect$$libinit$$00000000) refers (Special) to libinit2.o(.ARM.Collect$$libinit$$0000000C) for __rt_lib_init_user_alloc_1
    rtexit.o(.ARM.Collect$$rtexit$$00000000) refers (Special) to rtexit2.o(.ARM.Collect$$rtexit$$00000004) for __rt_exit_exit
    rtexit.o(.ARM.Collect$$rtexit$$00000000) refers (Special) to rtexit2.o(.ARM.Collect$$rtexit$$00000003) for __rt_exit_ls
    rtexit.o(.ARM.Collect$$rtexit$$00000000) refers (Special) to rtexit2.o(.ARM.Collect$$rtexit$$00000002) for __rt_exit_prels_1
    rtexit.o(.ARM.exidx) refers (Special) to rtexit2.o(.ARM.Collect$$rtexit$$00000004) for __rt_exit_exit
    rtexit.o(.ARM.exidx) refers (Special) to rtexit2.o(.ARM.Collect$$rtexit$$00000003) for __rt_exit_ls
    rtexit.o(.ARM.exidx) refers (Special) to rtexit2.o(.ARM.Collect$$rtexit$$00000002) for __rt_exit_prels_1
    rtexit.o(.ARM.exidx) refers to rtexit.o(.ARM.Collect$$rtexit$$00000000) for .ARM.Collect$$rtexit$$00000000
    rt_raise.o(.text) refers to __raise.o(.text) for __raise
    rt_raise.o(.text) refers to sys_exit.o(.text) for _sys_exit
    defsig_exit.o(.text) refers to sys_exit.o(.text) for _sys_exit
    defsig_fpe_inner.o(.text) refers to defsig_general.o(.text) for __default_signal_display
    _get_argv_nomalloc.o(.text) refers (Special) to hrguard.o(.text) for __heap_region$guard
    _get_argv_nomalloc.o(.text) refers to defsig_rtmem_outer.o(.text) for __rt_SIGRTMEM
    _get_argv_nomalloc.o(.text) refers to sys_command.o(.text) for _sys_command_string
    sys_command.o(.text) refers (Special) to use_no_semi.o(.text) for __I$use$semihosting
    sys_command.o(.text) refers (Special) to indicate_semi.o(.text) for __semihosting_library_function
    sys_exit.o(.text) refers (Special) to use_no_semi.o(.text) for __I$use$semihosting
    sys_exit.o(.text) refers (Special) to indicate_semi.o(.text) for __semihosting_library_function
    rtexit2.o(.ARM.Collect$$rtexit$$00000003) refers to libshutdown.o(.ARM.Collect$$libshutdown$$00000000) for __rt_lib_shutdown
    rtexit2.o(.ARM.Collect$$rtexit$$00000004) refers to sys_exit.o(.text) for _sys_exit
    rtexit2.o(.ARM.exidx) refers to rtexit2.o(.ARM.Collect$$rtexit$$00000001) for .ARM.Collect$$rtexit$$00000001
    rtexit2.o(.ARM.exidx) refers to rtexit2.o(.ARM.Collect$$rtexit$$00000003) for .ARM.Collect$$rtexit$$00000003
    rtexit2.o(.ARM.exidx) refers to rtexit2.o(.ARM.Collect$$rtexit$$00000004) for .ARM.Collect$$rtexit$$00000004
    __raise.o(.text) refers to defsig.o(CL$$defsig) for __default_signal_handler
    defsig_general.o(.text) refers to sys_wrch.o(.text) for _ttywrch
    defsig_rtmem_outer.o(.text) refers to defsig_rtmem_inner.o(.text) for __rt_SIGRTMEM_inner
    defsig_rtmem_outer.o(.text) refers to defsig_exit.o(.text) for __sig_exit
    defsig_rtmem_formal.o(.text) refers to rt_raise.o(.text) for __rt_raise
    sys_wrch.o(.text) refers (Special) to use_no_semi.o(.text) for __I$use$semihosting
    sys_wrch.o(.text) refers (Special) to indicate_semi.o(.text) for __semihosting_library_function
    defsig_rtmem_inner.o(.text) refers to defsig_general.o(.text) for __default_signal_display
    defsig.o(CL$$defsig) refers to defsig_fpe_inner.o(.text) for __rt_SIGFPE_inner
    defsig.o(CL$$defsig) refers to defsig_rtmem_inner.o(.text) for __rt_SIGRTMEM_inner
    libshutdown.o(.ARM.Collect$$libshutdown$$00000000) refers (Special) to libshutdown2.o(.ARM.Collect$$libshutdown$$00000002) for __rt_lib_shutdown_cpp_1
    libshutdown.o(.ARM.Collect$$libshutdown$$00000000) refers (Special) to libshutdown2.o(.ARM.Collect$$libshutdown$$00000007) for __rt_lib_shutdown_fp_trap_1
    libshutdown.o(.ARM.Collect$$libshutdown$$00000000) refers (Special) to libshutdown2.o(.ARM.Collect$$libshutdown$$0000000F) for __rt_lib_shutdown_heap_1
    libshutdown.o(.ARM.Collect$$libshutdown$$00000000) refers (Special) to libshutdown2.o(.ARM.Collect$$libshutdown$$00000010) for __rt_lib_shutdown_return
    libshutdown.o(.ARM.Collect$$libshutdown$$00000000) refers (Special) to libshutdown2.o(.ARM.Collect$$libshutdown$$0000000A) for __rt_lib_shutdown_signal_1
    libshutdown.o(.ARM.Collect$$libshutdown$$00000000) refers (Special) to libshutdown2.o(.ARM.Collect$$libshutdown$$00000004) for __rt_lib_shutdown_stdio_1
    libshutdown.o(.ARM.Collect$$libshutdown$$00000000) refers (Special) to libshutdown2.o(.ARM.Collect$$libshutdown$$0000000C) for __rt_lib_shutdown_user_alloc_1
    defsig_abrt_inner.o(.text) refers to defsig_general.o(.text) for __default_signal_display
    defsig_rtred_inner.o(.text) refers to defsig_general.o(.text) for __default_signal_display
    defsig_stak_inner.o(.text) refers to defsig_general.o(.text) for __default_signal_display
    defsig_pvfn_inner.o(.text) refers to defsig_general.o(.text) for __default_signal_display
    defsig_cppl_inner.o(.text) refers to defsig_general.o(.text) for __default_signal_display
    defsig_segv_inner.o(.text) refers to defsig_general.o(.text) for __default_signal_display
    defsig_other.o(.text) refers to defsig_general.o(.text) for __default_signal_display


==============================================================================

Removing Unused input sections from the image.

    Removing system_arty_cm1.o(.rev16_text), (4 bytes).
    Removing system_arty_cm1.o(.revsh_text), (4 bytes).
    Removing xil_printf.o(.text), (944 bytes).
    Removing main.o(.rev16_text), (4 bytes).
    Removing main.o(.revsh_text), (4 bytes).
    Removing gpio.o(.rev16_text), (4 bytes).
    Removing gpio.o(.revsh_text), (4 bytes).
    Removing spi.o(.rev16_text), (4 bytes).
    Removing spi.o(.revsh_text), (4 bytes).
    Removing uart.o(.rev16_text), (4 bytes).
    Removing uart.o(.revsh_text), (4 bytes).
    Removing xgpio_extra.o(.text), (296 bytes).
    Removing xgpio_extra.o(.conststring), (81 bytes).
    Removing xgpio_selftest.o(.text), (92 bytes).
    Removing xgpio_selftest.o(.conststring), (84 bytes).
    Removing xspi_options.o(.text), (304 bytes).
    Removing xspi_options.o(.conststring), (81 bytes).
    Removing xspi_options.o(.data), (40 bytes).
    Removing xspi_selftest.o(.text), (740 bytes).
    Removing xspi_selftest.o(.conststring), (82 bytes).
    Removing xspi_stats.o(.text), (216 bytes).
    Removing xspi_stats.o(.conststring), (79 bytes).
    Removing xuartlite_selftest.o(.text), (108 bytes).
    Removing xuartlite_selftest.o(.conststring), (92 bytes).

24 unused section(s) (total 3279 bytes) removed from the image.

==============================================================================

Image Symbol Table

    Local Symbols

    Symbol Name                              Value     Ov Type        Size  Object(Section)

    RESET                                    0x00000000   Section      192  startup_arty_cm1.o(RESET)
    ../clib/angel/boardlib.s                 0x00000000   Number         0  boardinit3.o ABSOLUTE
    ../clib/angel/boardlib.s                 0x00000000   Number         0  boardshut.o ABSOLUTE
    ../clib/angel/boardlib.s                 0x00000000   Number         0  boardinit1.o ABSOLUTE
    ../clib/angel/boardlib.s                 0x00000000   Number         0  boardinit2.o ABSOLUTE
    ../clib/angel/handlers.s                 0x00000000   Number         0  __scatter_zi.o ABSOLUTE
    ../clib/angel/handlers.s                 0x00000000   Number         0  __scatter_copy.o ABSOLUTE
    ../clib/angel/kernel.s                   0x00000000   Number         0  rtexit2.o ABSOLUTE
    ../clib/angel/kernel.s                   0x00000000   Number         0  rtexit.o ABSOLUTE
    ../clib/angel/kernel.s                   0x00000000   Number         0  __rtentry4.o ABSOLUTE
    ../clib/angel/kernel.s                   0x00000000   Number         0  __rtentry2.o ABSOLUTE
    ../clib/angel/kernel.s                   0x00000000   Number         0  __rtentry.o ABSOLUTE
    ../clib/angel/rt.s                       0x00000000   Number         0  aeabi_idiv0.o ABSOLUTE
    ../clib/angel/rt.s                       0x00000000   Number         0  rt_ctype_table.o ABSOLUTE
    ../clib/angel/rt.s                       0x00000000   Number         0  rt_div0.o ABSOLUTE
    ../clib/angel/rt.s                       0x00000000   Number         0  rt_raise.o ABSOLUTE
    ../clib/angel/rt.s                       0x00000000   Number         0  rt_locale_intlibspace.o ABSOLUTE
    ../clib/angel/rt.s                       0x00000000   Number         0  rt_locale.o ABSOLUTE
    ../clib/angel/rt.s                       0x00000000   Number         0  aeabi_idiv0_sigfpe.o ABSOLUTE
    ../clib/angel/scatterp.s                 0x00000000   Number         0  __scatter.o ABSOLUTE
    ../clib/angel/startup.s                  0x00000000   Number         0  __main.o ABSOLUTE
    ../clib/angel/sys.s                      0x00000000   Number         0  tempstk.o ABSOLUTE
    ../clib/angel/sys.s                      0x00000000   Number         0  libspace.o ABSOLUTE
    ../clib/angel/sys.s                      0x00000000   Number         0  indicate_semi.o ABSOLUTE
    ../clib/angel/sys.s                      0x00000000   Number         0  sys_stackheap_outer.o ABSOLUTE
    ../clib/angel/sys.s                      0x00000000   Number         0  use_no_semi.o ABSOLUTE
    ../clib/angel/sysapp.c                   0x00000000   Number         0  sys_wrch.o ABSOLUTE
    ../clib/angel/sysapp.c                   0x00000000   Number         0  sys_command.o ABSOLUTE
    ../clib/angel/sysapp.c                   0x00000000   Number         0  sys_exit.o ABSOLUTE
    ../clib/armsys.c                         0x00000000   Number         0  argv_veneer.o ABSOLUTE
    ../clib/armsys.c                         0x00000000   Number         0  no_argv.o ABSOLUTE
    ../clib/armsys.c                         0x00000000   Number         0  _get_argv_nomalloc.o ABSOLUTE
    ../clib/ctype.c                          0x00000000   Number         0  tolower.o ABSOLUTE
    ../clib/division.c                       0x00000000   Number         0  rtudiv10.o ABSOLUTE
    ../clib/division.s                       0x00000000   Number         0  aeabi_sdiv_div0.o ABSOLUTE
    ../clib/division.s                       0x00000000   Number         0  aeabi_sdiv.o ABSOLUTE
    ../clib/heapalloc.c                      0x00000000   Number         0  hrguard.o ABSOLUTE
    ../clib/heapaux.c                        0x00000000   Number         0  heapauxi.o ABSOLUTE
    ../clib/libinit.s                        0x00000000   Number         0  libshutdown.o ABSOLUTE
    ../clib/libinit.s                        0x00000000   Number         0  libinit2.o ABSOLUTE
    ../clib/libinit.s                        0x00000000   Number         0  libshutdown2.o ABSOLUTE
    ../clib/libinit.s                        0x00000000   Number         0  libinit.o ABSOLUTE
    ../clib/locale.s                         0x00000000   Number         0  lc_ctype_c.o ABSOLUTE
    ../clib/memcpset.c                       0x00000000   Number         0  rt_memcpy.o ABSOLUTE
    ../clib/memcpset.c                       0x00000000   Number         0  rt_memcpy.o ABSOLUTE
    ../clib/printf.c                         0x00000000   Number         0  _printf_intcommon.o ABSOLUTE
    ../clib/printf.c                         0x00000000   Number         0  _printf_char_common.o ABSOLUTE
    ../clib/printf.c                         0x00000000   Number         0  _sputc.o ABSOLUTE
    ../clib/printf.c                         0x00000000   Number         0  __printf_wp.o ABSOLUTE
    ../clib/printf.c                         0x00000000   Number         0  __printf_nopercent.o ABSOLUTE
    ../clib/printf.c                         0x00000000   Number         0  _printf_hex_int.o ABSOLUTE
    ../clib/printf.c                         0x00000000   Number         0  _printf_dec.o ABSOLUTE
    ../clib/printf.c                         0x00000000   Number         0  _printf_char.o ABSOLUTE
    ../clib/printf.c                         0x00000000   Number         0  __2sprintf.o ABSOLUTE
    ../clib/printf.c                         0x00000000   Number         0  noretval__2sprintf.o ABSOLUTE
    ../clib/printf.c                         0x00000000   Number         0  __printf_flags_wp.o ABSOLUTE
    ../clib/printf.c                         0x00000000   Number         0  __printf.o ABSOLUTE
    ../clib/printf.c                         0x00000000   Number         0  __printf_ss_wp.o ABSOLUTE
    ../clib/printf.c                         0x00000000   Number         0  _printf_str.o ABSOLUTE
    ../clib/printf.c                         0x00000000   Number         0  __printf_flags_ss_wp.o ABSOLUTE
    ../clib/printf.c                         0x00000000   Number         0  _printf_hex_ll.o ABSOLUTE
    ../clib/printf.c                         0x00000000   Number         0  _printf_hex_int_ll.o ABSOLUTE
    ../clib/printf.c                         0x00000000   Number         0  _printf_hex_ptr.o ABSOLUTE
    ../clib/printf.c                         0x00000000   Number         0  _printf_hex_int_ptr.o ABSOLUTE
    ../clib/printf.c                         0x00000000   Number         0  _printf_hex_ll_ptr.o ABSOLUTE
    ../clib/printf.c                         0x00000000   Number         0  _printf_hex_int_ll_ptr.o ABSOLUTE
    ../clib/printf.c                         0x00000000   Number         0  __printf_flags.o ABSOLUTE
    ../clib/printf.c                         0x00000000   Number         0  __printf_ss.o ABSOLUTE
    ../clib/printf.c                         0x00000000   Number         0  __printf_flags_ss.o ABSOLUTE
    ../clib/printf_percent.s                 0x00000000   Number         0  _printf_percent_end.o ABSOLUTE
    ../clib/printf_percent.s                 0x00000000   Number         0  _printf_s.o ABSOLUTE
    ../clib/printf_percent.s                 0x00000000   Number         0  _printf_percent.o ABSOLUTE
    ../clib/printf_percent.s                 0x00000000   Number         0  _printf_i.o ABSOLUTE
    ../clib/printf_percent.s                 0x00000000   Number         0  _printf_x.o ABSOLUTE
    ../clib/signal.c                         0x00000000   Number         0  defsig_pvfn_inner.o ABSOLUTE
    ../clib/signal.c                         0x00000000   Number         0  defsig_cppl_inner.o ABSOLUTE
    ../clib/signal.c                         0x00000000   Number         0  defsig_exit.o ABSOLUTE
    ../clib/signal.c                         0x00000000   Number         0  defsig_segv_inner.o ABSOLUTE
    ../clib/signal.c                         0x00000000   Number         0  defsig_other.o ABSOLUTE
    ../clib/signal.c                         0x00000000   Number         0  defsig_general.o ABSOLUTE
    ../clib/signal.c                         0x00000000   Number         0  defsig_rtmem_outer.o ABSOLUTE
    ../clib/signal.c                         0x00000000   Number         0  defsig_rtmem_formal.o ABSOLUTE
    ../clib/signal.c                         0x00000000   Number         0  __raise.o ABSOLUTE
    ../clib/signal.c                         0x00000000   Number         0  defsig_rtmem_inner.o ABSOLUTE
    ../clib/signal.c                         0x00000000   Number         0  defsig_fpe_inner.o ABSOLUTE
    ../clib/signal.c                         0x00000000   Number         0  defsig_abrt_inner.o ABSOLUTE
    ../clib/signal.c                         0x00000000   Number         0  defsig_fpe_formal.o ABSOLUTE
    ../clib/signal.c                         0x00000000   Number         0  defsig_fpe_outer.o ABSOLUTE
    ../clib/signal.c                         0x00000000   Number         0  defsig_rtred_inner.o ABSOLUTE
    ../clib/signal.c                         0x00000000   Number         0  defsig_stak_inner.o ABSOLUTE
    ../clib/signal.s                         0x00000000   Number         0  defsig.o ABSOLUTE
    ../clib/stdlib.c                         0x00000000   Number         0  exit.o ABSOLUTE
    ../clib/string.c                         0x00000000   Number         0  strcmp.o ABSOLUTE
    ../clib/string.c                         0x00000000   Number         0  strlen.o ABSOLUTE
    ../clib/string.c                         0x00000000   Number         0  strcpy.o ABSOLUTE
    ../fplib/cfplib/fpinit.c                 0x00000000   Number         0  fpinit.o ABSOLUTE
    ..\\cmsis\\Device\\Source\\ARTY_CM1\\system_ARTY_CM1.c 0x00000000   Number         0  system_arty_cm1.o ABSOLUTE
    ..\\gpio\\gpio.c                         0x00000000   Number         0  gpio.o ABSOLUTE
    ..\\main\\main.c                         0x00000000   Number         0  main.o ABSOLUTE
    ..\\spi\\spi.c                           0x00000000   Number         0  spi.o ABSOLUTE
    ..\\uart\\uart.c                         0x00000000   Number         0  uart.o ABSOLUTE
    ..\cmsis\Device\Source\ARTY_CM1\startup_ARTY_CM1.s 0x00000000   Number         0  startup_arty_cm1.o ABSOLUTE
    ..\cmsis\Device\Source\ARTY_CM1\system_ARTY_CM1.c 0x00000000   Number         0  system_arty_cm1.o ABSOLUTE
    ..\gpio\gpio.c                           0x00000000   Number         0  gpio.o ABSOLUTE
    ..\main\main.c                           0x00000000   Number         0  main.o ABSOLUTE
    ..\sdk_workspace\standalone_bsp_0\Cortex_M1_0\libsrc\gpio_v4_3\src\xgpio.c 0x00000000   Number         0  xgpio.o ABSOLUTE
    ..\sdk_workspace\standalone_bsp_0\Cortex_M1_0\libsrc\gpio_v4_3\src\xgpio_extra.c 0x00000000   Number         0  xgpio_extra.o ABSOLUTE
    ..\sdk_workspace\standalone_bsp_0\Cortex_M1_0\libsrc\gpio_v4_3\src\xgpio_g.c 0x00000000   Number         0  xgpio_g.o ABSOLUTE
    ..\sdk_workspace\standalone_bsp_0\Cortex_M1_0\libsrc\gpio_v4_3\src\xgpio_intr.c 0x00000000   Number         0  xgpio_intr.o ABSOLUTE
    ..\sdk_workspace\standalone_bsp_0\Cortex_M1_0\libsrc\gpio_v4_3\src\xgpio_selftest.c 0x00000000   Number         0  xgpio_selftest.o ABSOLUTE
    ..\sdk_workspace\standalone_bsp_0\Cortex_M1_0\libsrc\gpio_v4_3\src\xgpio_sinit.c 0x00000000   Number         0  xgpio_sinit.o ABSOLUTE
    ..\sdk_workspace\standalone_bsp_0\Cortex_M1_0\libsrc\spi_v4_4\src\xspi.c 0x00000000   Number         0  xspi.o ABSOLUTE
    ..\sdk_workspace\standalone_bsp_0\Cortex_M1_0\libsrc\spi_v4_4\src\xspi_g.c 0x00000000   Number         0  xspi_g.o ABSOLUTE
    ..\sdk_workspace\standalone_bsp_0\Cortex_M1_0\libsrc\spi_v4_4\src\xspi_options.c 0x00000000   Number         0  xspi_options.o ABSOLUTE
    ..\sdk_workspace\standalone_bsp_0\Cortex_M1_0\libsrc\spi_v4_4\src\xspi_selftest.c 0x00000000   Number         0  xspi_selftest.o ABSOLUTE
    ..\sdk_workspace\standalone_bsp_0\Cortex_M1_0\libsrc\spi_v4_4\src\xspi_sinit.c 0x00000000   Number         0  xspi_sinit.o ABSOLUTE
    ..\sdk_workspace\standalone_bsp_0\Cortex_M1_0\libsrc\spi_v4_4\src\xspi_stats.c 0x00000000   Number         0  xspi_stats.o ABSOLUTE
    ..\sdk_workspace\standalone_bsp_0\Cortex_M1_0\libsrc\standalone_v6_7\src\outbyte.c 0x00000000   Number         0  outbyte.o ABSOLUTE
    ..\sdk_workspace\standalone_bsp_0\Cortex_M1_0\libsrc\standalone_v6_7\src\print.c 0x00000000   Number         0  print.o ABSOLUTE
    ..\sdk_workspace\standalone_bsp_0\Cortex_M1_0\libsrc\standalone_v6_7\src\xil_assert.c 0x00000000   Number         0  xil_assert.o ABSOLUTE
    ..\sdk_workspace\standalone_bsp_0\Cortex_M1_0\libsrc\standalone_v6_7\src\xil_printf.c 0x00000000   Number         0  xil_printf.o ABSOLUTE
    ..\sdk_workspace\standalone_bsp_0\Cortex_M1_0\libsrc\uartlite_v3_2\src\xuartlite.c 0x00000000   Number         0  xuartlite.o ABSOLUTE
    ..\sdk_workspace\standalone_bsp_0\Cortex_M1_0\libsrc\uartlite_v3_2\src\xuartlite_g.c 0x00000000   Number         0  xuartlite_g.o ABSOLUTE
    ..\sdk_workspace\standalone_bsp_0\Cortex_M1_0\libsrc\uartlite_v3_2\src\xuartlite_intr.c 0x00000000   Number         0  xuartlite_intr.o ABSOLUTE
    ..\sdk_workspace\standalone_bsp_0\Cortex_M1_0\libsrc\uartlite_v3_2\src\xuartlite_l.c 0x00000000   Number         0  xuartlite_l.o ABSOLUTE
    ..\sdk_workspace\standalone_bsp_0\Cortex_M1_0\libsrc\uartlite_v3_2\src\xuartlite_selftest.c 0x00000000   Number         0  xuartlite_selftest.o ABSOLUTE
    ..\sdk_workspace\standalone_bsp_0\Cortex_M1_0\libsrc\uartlite_v3_2\src\xuartlite_sinit.c 0x00000000   Number         0  xuartlite_sinit.o ABSOLUTE
    ..\sdk_workspace\standalone_bsp_0\Cortex_M1_0\libsrc\uartlite_v3_2\src\xuartlite_stats.c 0x00000000   Number         0  xuartlite_stats.o ABSOLUTE
    ..\spi\spi.c                             0x00000000   Number         0  spi.o ABSOLUTE
    ..\uart\uart.c                           0x00000000   Number         0  uart.o ABSOLUTE
    dc.s                                     0x00000000   Number         0  dc.o ABSOLUTE
    !!!main                                  0x000000c0   Section        8  __main.o(!!!main)
    !!!scatter                               0x000000c8   Section       60  __scatter.o(!!!scatter)
    !!handler_copy                           0x00000104   Section       26  __scatter_copy.o(!!handler_copy)
    !!handler_zi                             0x00000120   Section       28  __scatter_zi.o(!!handler_zi)
    .ARM.Collect$$_printf_percent$$00000000  0x0000013c   Section        2  _printf_percent.o(.ARM.Collect$$_printf_percent$$00000000)
    .ARM.Collect$$_printf_percent$$00000008  0x0000013e   Section       10  _printf_i.o(.ARM.Collect$$_printf_percent$$00000008)
    .ARM.Collect$$_printf_percent$$0000000C  0x00000148   Section       10  _printf_x.o(.ARM.Collect$$_printf_percent$$0000000C)
    .ARM.Collect$$_printf_percent$$00000014  0x00000152   Section       10  _printf_s.o(.ARM.Collect$$_printf_percent$$00000014)
    .ARM.Collect$$_printf_percent$$00000017  0x0000015c   Section        4  _printf_percent_end.o(.ARM.Collect$$_printf_percent$$00000017)
    .ARM.Collect$$libinit$$00000000          0x00000160   Section        2  libinit.o(.ARM.Collect$$libinit$$00000000)
    .ARM.Collect$$libinit$$00000002          0x00000162   Section        0  libinit2.o(.ARM.Collect$$libinit$$00000002)
    .ARM.Collect$$libinit$$00000004          0x00000162   Section        0  libinit2.o(.ARM.Collect$$libinit$$00000004)
    .ARM.Collect$$libinit$$0000000A          0x00000162   Section        0  libinit2.o(.ARM.Collect$$libinit$$0000000A)
    .ARM.Collect$$libinit$$0000000C          0x00000162   Section        0  libinit2.o(.ARM.Collect$$libinit$$0000000C)
    .ARM.Collect$$libinit$$0000000E          0x00000162   Section        0  libinit2.o(.ARM.Collect$$libinit$$0000000E)
    .ARM.Collect$$libinit$$00000011          0x00000162   Section        0  libinit2.o(.ARM.Collect$$libinit$$00000011)
    .ARM.Collect$$libinit$$00000013          0x00000162   Section        0  libinit2.o(.ARM.Collect$$libinit$$00000013)
    .ARM.Collect$$libinit$$00000015          0x00000162   Section        0  libinit2.o(.ARM.Collect$$libinit$$00000015)
    .ARM.Collect$$libinit$$00000017          0x00000162   Section        0  libinit2.o(.ARM.Collect$$libinit$$00000017)
    .ARM.Collect$$libinit$$00000019          0x00000162   Section        0  libinit2.o(.ARM.Collect$$libinit$$00000019)
    .ARM.Collect$$libinit$$0000001B          0x00000162   Section        0  libinit2.o(.ARM.Collect$$libinit$$0000001B)
    .ARM.Collect$$libinit$$0000001D          0x00000162   Section        0  libinit2.o(.ARM.Collect$$libinit$$0000001D)
    .ARM.Collect$$libinit$$0000001F          0x00000162   Section        0  libinit2.o(.ARM.Collect$$libinit$$0000001F)
    .ARM.Collect$$libinit$$00000021          0x00000162   Section        0  libinit2.o(.ARM.Collect$$libinit$$00000021)
    .ARM.Collect$$libinit$$00000023          0x00000162   Section        0  libinit2.o(.ARM.Collect$$libinit$$00000023)
    .ARM.Collect$$libinit$$00000025          0x00000162   Section        0  libinit2.o(.ARM.Collect$$libinit$$00000025)
    .ARM.Collect$$libinit$$0000002C          0x00000162   Section        0  libinit2.o(.ARM.Collect$$libinit$$0000002C)
    .ARM.Collect$$libinit$$0000002E          0x00000162   Section        0  libinit2.o(.ARM.Collect$$libinit$$0000002E)
    .ARM.Collect$$libinit$$00000030          0x00000162   Section        0  libinit2.o(.ARM.Collect$$libinit$$00000030)
    .ARM.Collect$$libinit$$00000032          0x00000162   Section        0  libinit2.o(.ARM.Collect$$libinit$$00000032)
    .ARM.Collect$$libinit$$00000033          0x00000162   Section        2  libinit2.o(.ARM.Collect$$libinit$$00000033)
    .ARM.Collect$$libshutdown$$00000000      0x00000164   Section        2  libshutdown.o(.ARM.Collect$$libshutdown$$00000000)
    .ARM.Collect$$libshutdown$$00000002      0x00000166   Section        0  libshutdown2.o(.ARM.Collect$$libshutdown$$00000002)
    .ARM.Collect$$libshutdown$$00000004      0x00000166   Section        0  libshutdown2.o(.ARM.Collect$$libshutdown$$00000004)
    .ARM.Collect$$libshutdown$$00000007      0x00000166   Section        0  libshutdown2.o(.ARM.Collect$$libshutdown$$00000007)
    .ARM.Collect$$libshutdown$$0000000A      0x00000166   Section        0  libshutdown2.o(.ARM.Collect$$libshutdown$$0000000A)
    .ARM.Collect$$libshutdown$$0000000C      0x00000166   Section        0  libshutdown2.o(.ARM.Collect$$libshutdown$$0000000C)
    .ARM.Collect$$libshutdown$$0000000F      0x00000166   Section        0  libshutdown2.o(.ARM.Collect$$libshutdown$$0000000F)
    .ARM.Collect$$libshutdown$$00000010      0x00000166   Section        2  libshutdown2.o(.ARM.Collect$$libshutdown$$00000010)
    .ARM.Collect$$rtentry$$00000000          0x00000168   Section        0  __rtentry.o(.ARM.Collect$$rtentry$$00000000)
    .ARM.Collect$$rtentry$$00000002          0x00000168   Section        0  __rtentry2.o(.ARM.Collect$$rtentry$$00000002)
    .ARM.Collect$$rtentry$$00000004          0x00000168   Section        6  __rtentry4.o(.ARM.Collect$$rtentry$$00000004)
    .ARM.Collect$$rtentry$$00000009          0x0000016e   Section        0  __rtentry2.o(.ARM.Collect$$rtentry$$00000009)
    .ARM.Collect$$rtentry$$0000000A          0x0000016e   Section        4  __rtentry2.o(.ARM.Collect$$rtentry$$0000000A)
    .ARM.Collect$$rtentry$$0000000C          0x00000172   Section        0  __rtentry2.o(.ARM.Collect$$rtentry$$0000000C)
    .ARM.Collect$$rtentry$$0000000D          0x00000172   Section        8  __rtentry2.o(.ARM.Collect$$rtentry$$0000000D)
    .ARM.Collect$$rtexit$$00000000           0x0000017a   Section        2  rtexit.o(.ARM.Collect$$rtexit$$00000000)
    .ARM.Collect$$rtexit$$00000002           0x0000017c   Section        0  rtexit2.o(.ARM.Collect$$rtexit$$00000002)
    .ARM.Collect$$rtexit$$00000003           0x0000017c   Section        4  rtexit2.o(.ARM.Collect$$rtexit$$00000003)
    .ARM.Collect$$rtexit$$00000004           0x00000180   Section        6  rtexit2.o(.ARM.Collect$$rtexit$$00000004)
    .emb_text                                0x00000188   Section       56  rt_memcpy.o(.emb_text)
    .text                                    0x000001c0   Section       56  startup_arty_cm1.o(.text)
    .text                                    0x000001f8   Section        0  system_arty_cm1.o(.text)
    .text                                    0x00000210   Section        0  outbyte.o(.text)
    .text                                    0x00000224   Section        0  print.o(.text)
    .text                                    0x0000023c   Section        0  xil_assert.o(.text)
    .text                                    0x00000270   Section        0  main.o(.text)
    NVIC_EnableIRQ                           0x0000044b   Thumb Code    14  main.o(.text)
    NVIC_DisableIRQ                          0x00000459   Thumb Code    16  main.o(.text)
    .text                                    0x000006a4   Section        0  gpio.o(.text)
    NVIC_ClearPendingIRQ                     0x0000082f   Thumb Code    14  gpio.o(.text)
    .text                                    0x00000850   Section        0  spi.o(.text)
    NVIC_ClearPendingIRQ                     0x00000b3f   Thumb Code    14  spi.o(.text)
    Xil_In32                                 0x00000b4d   Thumb Code     6  spi.o(.text)
    Xil_Out32                                0x00000b53   Thumb Code     6  spi.o(.text)
    .text                                    0x00000b88   Section        0  uart.o(.text)
    .text                                    0x00000c24   Section        0  xgpio.o(.text)
    Xil_Out32                                0x00000e51   Thumb Code     6  xgpio.o(.text)
    .text                                    0x00000e64   Section        0  xgpio_intr.o(.text)
    Xil_In32                                 0x000011c3   Thumb Code     6  xgpio_intr.o(.text)
    Xil_Out32                                0x000011c9   Thumb Code     6  xgpio_intr.o(.text)
    .text                                    0x000011dc   Section        0  xgpio_sinit.o(.text)
    .text                                    0x00001250   Section        0  xspi.o(.text)
    StubStatusHandler                        0x000012f5   Thumb Code    24  xspi.o(.text)
    Xil_In32                                 0x00001d53   Thumb Code     6  xspi.o(.text)
    Xil_Out32                                0x00001d59   Thumb Code     6  xspi.o(.text)
    .text                                    0x00001d64   Section        0  xspi_sinit.o(.text)
    .text                                    0x00001dd8   Section        0  xuartlite.o(.text)
    StubHandler                              0x00001dd9   Thumb Code    24  xuartlite.o(.text)
    Xil_In32                                 0x0000218b   Thumb Code     6  xuartlite.o(.text)
    Xil_Out32                                0x00002191   Thumb Code     6  xuartlite.o(.text)
    .text                                    0x000021a8   Section        0  xuartlite_intr.o(.text)
    SendDataHandler                          0x00002279   Thumb Code    40  xuartlite_intr.o(.text)
    ReceiveDataHandler                       0x000022a1   Thumb Code    42  xuartlite_intr.o(.text)
    Xil_Out32                                0x000023c3   Thumb Code     6  xuartlite_intr.o(.text)
    .text                                    0x000023d4   Section        0  xuartlite_l.o(.text)
    .text                                    0x00002404   Section        0  xuartlite_sinit.o(.text)
    .text                                    0x00002474   Section        0  xuartlite_stats.o(.text)
    .text                                    0x00002554   Section        0  noretval__2sprintf.o(.text)
    .text                                    0x0000257c   Section        0  __printf.o(.text)
    .text                                    0x000025e8   Section        0  _printf_str.o(.text)
    .text                                    0x0000263c   Section        0  _printf_dec.o(.text)
    .text                                    0x000026a8   Section        0  _printf_hex_int.o(.text)
    .text                                    0x00002700   Section        0  strcpy.o(.text)
    .text                                    0x0000274c   Section        0  heapauxi.o(.text)
    .text                                    0x00002752   Section        0  _printf_intcommon.o(.text)
    .text                                    0x00002804   Section        0  _printf_char_common.o(.text)
    _printf_input_char                       0x00002805   Thumb Code    10  _printf_char_common.o(.text)
    .text                                    0x00002834   Section        0  _sputc.o(.text)
    .text                                    0x0000283e   Section        0  _printf_char.o(.text)
    .text                                    0x0000286c   Section        0  rtudiv10.o(.text)
    .text                                    0x00002894   Section        8  libspace.o(.text)
    .text                                    0x0000289c   Section       62  sys_stackheap_outer.o(.text)
    .text                                    0x000028da   Section        0  exit.o(.text)
    .text                                    0x000028ec   Section        0  sys_exit.o(.text)
    .text                                    0x000028f8   Section        2  use_no_semi.o(.text)
    .text                                    0x000028fa   Section        0  indicate_semi.o(.text)
    .constdata                               0x000028fc   Section       32  main.o(.constdata)
    .constdata                               0x0000291c   Section       40  _printf_hex_int.o(.constdata)
    uc_hextab                                0x0000291c   Data          20  _printf_hex_int.o(.constdata)
    lc_hextab                                0x00002930   Data          20  _printf_hex_int.o(.constdata)
    .conststring                             0x00002944   Section       75  xgpio.o(.conststring)
    .conststring                             0x00002990   Section       80  xgpio_intr.o(.conststring)
    .conststring                             0x000029e0   Section       81  xgpio_sinit.o(.conststring)
    .conststring                             0x00002a34   Section       73  xspi.o(.conststring)
    .conststring                             0x00002a80   Section       79  xspi_sinit.o(.conststring)
    .conststring                             0x00002ad0   Section       83  xuartlite.o(.conststring)
    .conststring                             0x00002b24   Section       88  xuartlite_intr.o(.conststring)
    .conststring                             0x00002b7c   Section       89  xuartlite_sinit.o(.conststring)
    .conststring                             0x00002bd8   Section       89  xuartlite_stats.o(.conststring)
    .data                                    0x20000000   Section        4  system_arty_cm1.o(.data)
    .data                                    0x20000004   Section       12  xil_assert.o(.data)
    Xil_AssertCallbackRoutine                0x2000000c   Data           4  xil_assert.o(.data)
    .data                                    0x20000010   Section       12  uart.o(.data)
    TotalReceivedCount                       0x20000010   Data           4  uart.o(.data)
    TotalSentCount                           0x20000014   Data           4  uart.o(.data)
    BytesRx                                  0x20000018   Data           4  uart.o(.data)
    .data                                    0x2000001c   Section       48  xgpio_g.o(.data)
    .data                                    0x2000004c   Section      112  xspi_g.o(.data)
    .data                                    0x200000bc   Section       16  xuartlite_g.o(.data)
    .bss                                     0x200000cc   Section       48  gpio.o(.bss)
    Gpio_Led_DIPSw                           0x200000cc   Data          16  gpio.o(.bss)
    Gpio_RGBLed_PB                           0x200000dc   Data          16  gpio.o(.bss)
    Gpio_DAPLink                             0x200000ec   Data          16  gpio.o(.bss)
    .bss                                     0x200000fc   Section      604  spi.o(.bss)
    QSPI_base                                0x200000fc   Data          92  spi.o(.bss)
    QSPI_base_tx_buf                         0x20000158   Data         256  spi.o(.bss)
    QSPI_base_rx_buf                         0x20000258   Data         256  spi.o(.bss)
    .bss                                     0x20000358   Section      588  uart.o(.bss)
    UART0_instance                           0x20000358   Data          76  uart.o(.bss)
    .bss                                     0x200005a4   Section       96  libspace.o(.bss)
    HEAP                                     0x20000608   Section     3072  startup_arty_cm1.o(HEAP)
    Heap_Mem                                 0x20000608   Data        3072  startup_arty_cm1.o(HEAP)
    STACK                                    0x20001208   Section     1024  startup_arty_cm1.o(STACK)
    Stack_Mem                                0x20001208   Data        1024  startup_arty_cm1.o(STACK)
    __initial_sp                             0x20001608   Data           0  startup_arty_cm1.o(STACK)

    Global Symbols

    Symbol Name                              Value     Ov Type        Size  Object(Section)

    BuildAttributes$$THM_ISAv3M$S$PE$A:L22$X:L11$S22$IEEE1$IW$USESV6$~STKCKD$USESV7$~SHL$OSPACE$ROPI$EBA8$UX$STANDARDLIB$REQ8$PRES8$EABIv2 0x00000000   Number         0  anon$$obj.o ABSOLUTE
    __ARM_use_no_argv                        0x00000000   Number         0  main.o ABSOLUTE
    __Vectors                                0x00000000   Data           4  startup_arty_cm1.o(RESET)
    __ARM_exceptions_init                     - Undefined Weak Reference
    __alloca_initialize                       - Undefined Weak Reference
    __arm_preinit_                            - Undefined Weak Reference
    __cpp_initialize__aeabi_                  - Undefined Weak Reference
    __cxa_finalize                            - Undefined Weak Reference
    __sigvec_lookup                           - Undefined Weak Reference
    _atexit_init                              - Undefined Weak Reference
    _call_atexit_fns                          - Undefined Weak Reference
    _clock_init                               - Undefined Weak Reference
    _fp_trap_init                             - Undefined Weak Reference
    _fp_trap_shutdown                         - Undefined Weak Reference
    _get_lc_collate                           - Undefined Weak Reference
    _get_lc_monetary                          - Undefined Weak Reference
    _get_lc_numeric                           - Undefined Weak Reference
    _get_lc_time                              - Undefined Weak Reference
    _getenv_init                              - Undefined Weak Reference
    _handle_redirection                       - Undefined Weak Reference
    _init_alloc                               - Undefined Weak Reference
    _init_user_alloc                          - Undefined Weak Reference
    _initio                                   - Undefined Weak Reference
    _printf_mbtowc                            - Undefined Weak Reference
    _printf_post_padding                      - Undefined Weak Reference
    _printf_pre_padding                       - Undefined Weak Reference
    _printf_truncate_signed                   - Undefined Weak Reference
    _printf_truncate_unsigned                 - Undefined Weak Reference
    _rand_init                                - Undefined Weak Reference
    _signal_finish                            - Undefined Weak Reference
    _signal_init                              - Undefined Weak Reference
    _terminate_alloc                          - Undefined Weak Reference
    _terminate_user_alloc                     - Undefined Weak Reference
    _terminateio                              - Undefined Weak Reference
    __Vectors_End                            0x000000c0   Data           0  startup_arty_cm1.o(RESET)
    __Vectors_Size                           0x000000c0   Number         0  startup_arty_cm1.o ABSOLUTE
    __main                                   0x000000c1   Thumb Code     8  __main.o(!!!main)
    __scatterload                            0x000000c9   Thumb Code     0  __scatter.o(!!!scatter)
    __scatterload_rt2                        0x000000c9   Thumb Code    52  __scatter.o(!!!scatter)
    __scatterload_rt2_thumb_only             0x000000c9   Thumb Code     0  __scatter.o(!!!scatter)
    __scatterload_null                       0x000000d9   Thumb Code     0  __scatter.o(!!!scatter)
    __scatterload_copy                       0x00000105   Thumb Code    26  __scatter_copy.o(!!handler_copy)
    __scatterload_zeroinit                   0x00000121   Thumb Code    28  __scatter_zi.o(!!handler_zi)
    _printf_percent                          0x0000013d   Thumb Code     0  _printf_percent.o(.ARM.Collect$$_printf_percent$$00000000)
    _printf_i                                0x0000013f   Thumb Code     0  _printf_i.o(.ARM.Collect$$_printf_percent$$00000008)
    _printf_x                                0x00000149   Thumb Code     0  _printf_x.o(.ARM.Collect$$_printf_percent$$0000000C)
    _printf_s                                0x00000153   Thumb Code     0  _printf_s.o(.ARM.Collect$$_printf_percent$$00000014)
    _printf_percent_end                      0x0000015d   Thumb Code     0  _printf_percent_end.o(.ARM.Collect$$_printf_percent$$00000017)
    __rt_lib_init                            0x00000161   Thumb Code     0  libinit.o(.ARM.Collect$$libinit$$00000000)
    __rt_lib_init_alloca_1                   0x00000163   Thumb Code     0  libinit2.o(.ARM.Collect$$libinit$$0000002E)
    __rt_lib_init_argv_1                     0x00000163   Thumb Code     0  libinit2.o(.ARM.Collect$$libinit$$0000002C)
    __rt_lib_init_atexit_1                   0x00000163   Thumb Code     0  libinit2.o(.ARM.Collect$$libinit$$0000001B)
    __rt_lib_init_clock_1                    0x00000163   Thumb Code     0  libinit2.o(.ARM.Collect$$libinit$$00000021)
    __rt_lib_init_cpp_1                      0x00000163   Thumb Code     0  libinit2.o(.ARM.Collect$$libinit$$00000032)
    __rt_lib_init_exceptions_1               0x00000163   Thumb Code     0  libinit2.o(.ARM.Collect$$libinit$$00000030)
    __rt_lib_init_fp_1                       0x00000163   Thumb Code     0  libinit2.o(.ARM.Collect$$libinit$$00000002)
    __rt_lib_init_fp_trap_1                  0x00000163   Thumb Code     0  libinit2.o(.ARM.Collect$$libinit$$0000001F)
    __rt_lib_init_getenv_1                   0x00000163   Thumb Code     0  libinit2.o(.ARM.Collect$$libinit$$00000023)
    __rt_lib_init_heap_1                     0x00000163   Thumb Code     0  libinit2.o(.ARM.Collect$$libinit$$0000000A)
    __rt_lib_init_lc_collate_1               0x00000163   Thumb Code     0  libinit2.o(.ARM.Collect$$libinit$$00000011)
    __rt_lib_init_lc_ctype_1                 0x00000163   Thumb Code     0  libinit2.o(.ARM.Collect$$libinit$$00000013)
    __rt_lib_init_lc_monetary_1              0x00000163   Thumb Code     0  libinit2.o(.ARM.Collect$$libinit$$00000015)
    __rt_lib_init_lc_numeric_1               0x00000163   Thumb Code     0  libinit2.o(.ARM.Collect$$libinit$$00000017)
    __rt_lib_init_lc_time_1                  0x00000163   Thumb Code     0  libinit2.o(.ARM.Collect$$libinit$$00000019)
    __rt_lib_init_preinit_1                  0x00000163   Thumb Code     0  libinit2.o(.ARM.Collect$$libinit$$00000004)
    __rt_lib_init_rand_1                     0x00000163   Thumb Code     0  libinit2.o(.ARM.Collect$$libinit$$0000000E)
    __rt_lib_init_return                     0x00000163   Thumb Code     0  libinit2.o(.ARM.Collect$$libinit$$00000033)
    __rt_lib_init_signal_1                   0x00000163   Thumb Code     0  libinit2.o(.ARM.Collect$$libinit$$0000001D)
    __rt_lib_init_stdio_1                    0x00000163   Thumb Code     0  libinit2.o(.ARM.Collect$$libinit$$00000025)
    __rt_lib_init_user_alloc_1               0x00000163   Thumb Code     0  libinit2.o(.ARM.Collect$$libinit$$0000000C)
    __rt_lib_shutdown                        0x00000165   Thumb Code     0  libshutdown.o(.ARM.Collect$$libshutdown$$00000000)
    __rt_lib_shutdown_cpp_1                  0x00000167   Thumb Code     0  libshutdown2.o(.ARM.Collect$$libshutdown$$00000002)
    __rt_lib_shutdown_fp_trap_1              0x00000167   Thumb Code     0  libshutdown2.o(.ARM.Collect$$libshutdown$$00000007)
    __rt_lib_shutdown_heap_1                 0x00000167   Thumb Code     0  libshutdown2.o(.ARM.Collect$$libshutdown$$0000000F)
    __rt_lib_shutdown_return                 0x00000167   Thumb Code     0  libshutdown2.o(.ARM.Collect$$libshutdown$$00000010)
    __rt_lib_shutdown_signal_1               0x00000167   Thumb Code     0  libshutdown2.o(.ARM.Collect$$libshutdown$$0000000A)
    __rt_lib_shutdown_stdio_1                0x00000167   Thumb Code     0  libshutdown2.o(.ARM.Collect$$libshutdown$$00000004)
    __rt_lib_shutdown_user_alloc_1           0x00000167   Thumb Code     0  libshutdown2.o(.ARM.Collect$$libshutdown$$0000000C)
    __rt_entry                               0x00000169   Thumb Code     0  __rtentry.o(.ARM.Collect$$rtentry$$00000000)
    __rt_entry_presh_1                       0x00000169   Thumb Code     0  __rtentry2.o(.ARM.Collect$$rtentry$$00000002)
    __rt_entry_sh                            0x00000169   Thumb Code     0  __rtentry4.o(.ARM.Collect$$rtentry$$00000004)
    __rt_entry_li                            0x0000016f   Thumb Code     0  __rtentry2.o(.ARM.Collect$$rtentry$$0000000A)
    __rt_entry_postsh_1                      0x0000016f   Thumb Code     0  __rtentry2.o(.ARM.Collect$$rtentry$$00000009)
    __rt_entry_main                          0x00000173   Thumb Code     0  __rtentry2.o(.ARM.Collect$$rtentry$$0000000D)
    __rt_entry_postli_1                      0x00000173   Thumb Code     0  __rtentry2.o(.ARM.Collect$$rtentry$$0000000C)
    __rt_exit                                0x0000017b   Thumb Code     0  rtexit.o(.ARM.Collect$$rtexit$$00000000)
    __rt_exit_ls                             0x0000017d   Thumb Code     0  rtexit2.o(.ARM.Collect$$rtexit$$00000003)
    __rt_exit_prels_1                        0x0000017d   Thumb Code     0  rtexit2.o(.ARM.Collect$$rtexit$$00000002)
    __rt_exit_exit                           0x00000181   Thumb Code     0  rtexit2.o(.ARM.Collect$$rtexit$$00000004)
    __aeabi_memcpy4                          0x00000189   Thumb Code    56  rt_memcpy.o(.emb_text)
    __aeabi_memcpy8                          0x00000189   Thumb Code     0  rt_memcpy.o(.emb_text)
    Reset_Handler                            0x000001c1   Thumb Code     8  startup_arty_cm1.o(.text)
    NMI_Handler                              0x000001c9   Thumb Code     2  startup_arty_cm1.o(.text)
    HardFault_Handler                        0x000001cb   Thumb Code     2  startup_arty_cm1.o(.text)
    SVC_Handler                              0x000001cd   Thumb Code     2  startup_arty_cm1.o(.text)
    PendSV_Handler                           0x000001cf   Thumb Code     2  startup_arty_cm1.o(.text)
    SysTick_Handler                          0x000001d1   Thumb Code     2  startup_arty_cm1.o(.text)
    Unused_IRQ10                             0x000001d3   Thumb Code     0  startup_arty_cm1.o(.text)
    Unused_IRQ11                             0x000001d3   Thumb Code     0  startup_arty_cm1.o(.text)
    Unused_IRQ12                             0x000001d3   Thumb Code     0  startup_arty_cm1.o(.text)
    Unused_IRQ13                             0x000001d3   Thumb Code     0  startup_arty_cm1.o(.text)
    Unused_IRQ14                             0x000001d3   Thumb Code     0  startup_arty_cm1.o(.text)
    Unused_IRQ15                             0x000001d3   Thumb Code     0  startup_arty_cm1.o(.text)
    Unused_IRQ16                             0x000001d3   Thumb Code     0  startup_arty_cm1.o(.text)
    Unused_IRQ17                             0x000001d3   Thumb Code     0  startup_arty_cm1.o(.text)
    Unused_IRQ18                             0x000001d3   Thumb Code     0  startup_arty_cm1.o(.text)
    Unused_IRQ19                             0x000001d3   Thumb Code     0  startup_arty_cm1.o(.text)
    Unused_IRQ20                             0x000001d3   Thumb Code     0  startup_arty_cm1.o(.text)
    Unused_IRQ21                             0x000001d3   Thumb Code     0  startup_arty_cm1.o(.text)
    Unused_IRQ22                             0x000001d3   Thumb Code     0  startup_arty_cm1.o(.text)
    Unused_IRQ23                             0x000001d3   Thumb Code     0  startup_arty_cm1.o(.text)
    Unused_IRQ24                             0x000001d3   Thumb Code     0  startup_arty_cm1.o(.text)
    Unused_IRQ25                             0x000001d3   Thumb Code     0  startup_arty_cm1.o(.text)
    Unused_IRQ26                             0x000001d3   Thumb Code     0  startup_arty_cm1.o(.text)
    Unused_IRQ27                             0x000001d3   Thumb Code     0  startup_arty_cm1.o(.text)
    Unused_IRQ28                             0x000001d3   Thumb Code     0  startup_arty_cm1.o(.text)
    Unused_IRQ29                             0x000001d3   Thumb Code     0  startup_arty_cm1.o(.text)
    Unused_IRQ30                             0x000001d3   Thumb Code     0  startup_arty_cm1.o(.text)
    Unused_IRQ31                             0x000001d3   Thumb Code     0  startup_arty_cm1.o(.text)
    Unused_IRQ8                              0x000001d3   Thumb Code     0  startup_arty_cm1.o(.text)
    Unused_IRQ9                              0x000001d3   Thumb Code     0  startup_arty_cm1.o(.text)
    __user_initial_stackheap                 0x000001d5   Thumb Code    10  startup_arty_cm1.o(.text)
    SystemCoreClockUpdate                    0x000001f9   Thumb Code     8  system_arty_cm1.o(.text)
    SystemInit                               0x00000201   Thumb Code     8  system_arty_cm1.o(.text)
    outbyte                                  0x00000211   Thumb Code    14  outbyte.o(.text)
    print                                    0x00000225   Thumb Code    22  print.o(.text)
    Xil_Assert                               0x0000023d   Thumb Code    36  xil_assert.o(.text)
    Xil_AssertSetCallback                    0x00000261   Thumb Code     6  xil_assert.o(.text)
    XNullHandler                             0x00000267   Thumb Code     2  xil_assert.o(.text)
    main                                     0x00000271   Thumb Code   454  main.o(.text)
    DAPLinkFittedn                           0x00000437   Thumb Code    20  main.o(.text)
    InitialiseGPIO                           0x000006a5   Thumb Code   136  gpio.o(.text)
    EnableGPIOInterrupts                     0x0000072d   Thumb Code    32  gpio.o(.text)
    GPIO0_Handler                            0x0000074d   Thumb Code    38  gpio.o(.text)
    GPIO1_Handler                            0x00000773   Thumb Code   146  gpio.o(.text)
    SetDAPLinkQSPIMode                       0x00000805   Thumb Code    16  gpio.o(.text)
    IncLeds                                  0x00000815   Thumb Code    26  gpio.o(.text)
    InitialiseSPI                            0x00000851   Thumb Code    60  spi.o(.text)
    DisableSPIInterrupts                     0x0000088d   Thumb Code    18  spi.o(.text)
    InitQSPIBaseFlash                        0x0000089f   Thumb Code    96  spi.o(.text)
    WriteQSPIBaseFlash                       0x000008ff   Thumb Code   142  spi.o(.text)
    ReadQSPIBaseFlash                        0x0000098d   Thumb Code   130  spi.o(.text)
    WriteSPIData                             0x00000a0f   Thumb Code   264  spi.o(.text)
    QSPI0_Handler                            0x00000b17   Thumb Code    10  spi.o(.text)
    DAP_QSPI0_Handler                        0x00000b21   Thumb Code    10  spi.o(.text)
    DAP_SPI0_Handler                         0x00000b2b   Thumb Code    10  spi.o(.text)
    DAP_QSPI_XIP_Handler                     0x00000b35   Thumb Code    10  spi.o(.text)
    RecvHandler                              0x00000b89   Thumb Code     6  uart.o(.text)
    SendHandler                              0x00000b8f   Thumb Code     6  uart.o(.text)
    InitialiseUART                           0x00000b95   Thumb Code    56  uart.o(.text)
    CheckUARTRxBytes                         0x00000bcd   Thumb Code    24  uart.o(.text)
    EnableUARTInterrupts                     0x00000be5   Thumb Code    10  uart.o(.text)
    UART0_Handler                            0x00000bef   Thumb Code    22  uart.o(.text)
    XGpio_CfgInitialize                      0x00000c25   Thumb Code    56  xgpio.o(.text)
    XGpio_SetDataDirection                   0x00000c5d   Thumb Code   126  xgpio.o(.text)
    XGpio_GetDataDirection                   0x00000cdb   Thumb Code   126  xgpio.o(.text)
    XGpio_DiscreteRead                       0x00000d59   Thumb Code   124  xgpio.o(.text)
    XGpio_DiscreteWrite                      0x00000dd5   Thumb Code   124  xgpio.o(.text)
    XGpio_InterruptGlobalEnable              0x00000e65   Thumb Code   114  xgpio_intr.o(.text)
    XGpio_InterruptGlobalDisable             0x00000ed7   Thumb Code   112  xgpio_intr.o(.text)
    XGpio_InterruptEnable                    0x00000f47   Thumb Code   132  xgpio_intr.o(.text)
    XGpio_InterruptDisable                   0x00000fcb   Thumb Code   132  xgpio_intr.o(.text)
    XGpio_InterruptClear                     0x0000104f   Thumb Code   132  xgpio_intr.o(.text)
    XGpio_InterruptGetEnabled                0x000010d3   Thumb Code   120  xgpio_intr.o(.text)
    XGpio_InterruptGetStatus                 0x0000114b   Thumb Code   120  xgpio_intr.o(.text)
    XGpio_LookupConfig                       0x000011dd   Thumb Code    36  xgpio_sinit.o(.text)
    XGpio_Initialize                         0x00001201   Thumb Code    66  xgpio_sinit.o(.text)
    XSpi_Abort                               0x00001251   Thumb Code    66  xspi.o(.text)
    XSpi_Reset                               0x00001293   Thumb Code    98  xspi.o(.text)
    XSpi_CfgInitialize                       0x0000130d   Thumb Code   382  xspi.o(.text)
    XSpi_Start                               0x0000148b   Thumb Code   162  xspi.o(.text)
    XSpi_Stop                                0x0000152d   Thumb Code   132  xspi.o(.text)
    XSpi_Transfer                            0x000015b1   Thumb Code   932  xspi.o(.text)
    XSpi_SetSlaveSelect                      0x00001955   Thumb Code   130  xspi.o(.text)
    XSpi_GetSlaveSelect                      0x000019d7   Thumb Code    78  xspi.o(.text)
    XSpi_SetStatusHandler                    0x00001a25   Thumb Code   110  xspi.o(.text)
    XSpi_InterruptHandler                    0x00001a93   Thumb Code   704  xspi.o(.text)
    XSpi_LookupConfig                        0x00001d65   Thumb Code    40  xspi_sinit.o(.text)
    XSpi_Initialize                          0x00001d8d   Thumb Code    64  xspi_sinit.o(.text)
    XUartLite_CfgInitialize                  0x00001df1   Thumb Code    88  xuartlite.o(.text)
    XUartLite_SendBuffer                     0x00001e49   Thumb Code   124  xuartlite.o(.text)
    XUartLite_Send                           0x00001ec5   Thumb Code   190  xuartlite.o(.text)
    XUartLite_ReceiveBuffer                  0x00001f83   Thumb Code   160  xuartlite.o(.text)
    XUartLite_Recv                           0x00002023   Thumb Code   198  xuartlite.o(.text)
    XUartLite_ResetFifos                     0x000020e9   Thumb Code   106  xuartlite.o(.text)
    XUartLite_IsSending                      0x00002153   Thumb Code    56  xuartlite.o(.text)
    XUartLite_SetRecvHandler                 0x000021a9   Thumb Code   104  xuartlite_intr.o(.text)
    XUartLite_SetSendHandler                 0x00002211   Thumb Code   104  xuartlite_intr.o(.text)
    XUartLite_InterruptHandler               0x000022cb   Thumb Code    80  xuartlite_intr.o(.text)
    XUartLite_DisableInterrupt               0x0000231b   Thumb Code    84  xuartlite_intr.o(.text)
    XUartLite_EnableInterrupt                0x0000236f   Thumb Code    84  xuartlite_intr.o(.text)
    XUartLite_SendByte                       0x000023d5   Thumb Code    24  xuartlite_l.o(.text)
    XUartLite_RecvByte                       0x000023ed   Thumb Code    24  xuartlite_l.o(.text)
    XUartLite_LookupConfig                   0x00002405   Thumb Code    36  xuartlite_sinit.o(.text)
    XUartLite_Initialize                     0x00002429   Thumb Code    64  xuartlite_sinit.o(.text)
    XUartLite_GetStats                       0x00002475   Thumb Code   126  xuartlite_stats.o(.text)
    XUartLite_ClearStats                     0x000024f3   Thumb Code    84  xuartlite_stats.o(.text)
    __2sprintf                               0x00002555   Thumb Code    36  noretval__2sprintf.o(.text)
    __printf                                 0x0000257d   Thumb Code   108  __printf.o(.text)
    _printf_str                              0x000025e9   Thumb Code    82  _printf_str.o(.text)
    _printf_int_dec                          0x0000263d   Thumb Code    90  _printf_dec.o(.text)
    _printf_int_hex                          0x000026a9   Thumb Code    84  _printf_hex_int.o(.text)
    _printf_longlong_hex                     0x000026a9   Thumb Code     0  _printf_hex_int.o(.text)
    strcpy                                   0x00002701   Thumb Code    70  strcpy.o(.text)
    __use_two_region_memory                  0x0000274d   Thumb Code     2  heapauxi.o(.text)
    __rt_heap_escrow$2region                 0x0000274f   Thumb Code     2  heapauxi.o(.text)
    __rt_heap_expand$2region                 0x00002751   Thumb Code     2  heapauxi.o(.text)
    _printf_int_common                       0x00002753   Thumb Code   176  _printf_intcommon.o(.text)
    _printf_char_common                      0x0000280f   Thumb Code    32  _printf_char_common.o(.text)
    _sputc                                   0x00002835   Thumb Code    10  _sputc.o(.text)
    _printf_cs_common                        0x0000283f   Thumb Code    22  _printf_char.o(.text)
    _printf_char                             0x00002855   Thumb Code    16  _printf_char.o(.text)
    _printf_string                           0x00002865   Thumb Code     8  _printf_char.o(.text)
    __rt_udiv10                              0x0000286d   Thumb Code    40  rtudiv10.o(.text)
    __user_libspace                          0x00002895   Thumb Code     8  libspace.o(.text)
    __user_perproc_libspace                  0x00002895   Thumb Code     0  libspace.o(.text)
    __user_perthread_libspace                0x00002895   Thumb Code     0  libspace.o(.text)
    __user_setup_stackheap                   0x0000289d   Thumb Code    62  sys_stackheap_outer.o(.text)
    exit                                     0x000028db   Thumb Code    16  exit.o(.text)
    _sys_exit                                0x000028ed   Thumb Code     8  sys_exit.o(.text)
    __I$use$semihosting                      0x000028f9   Thumb Code     0  use_no_semi.o(.text)
    __use_no_semihosting_swi                 0x000028f9   Thumb Code     2  use_no_semi.o(.text)
    __semihosting_library_function           0x000028fb   Thumb Code     0  indicate_semi.o(.text)
    Region$$Table$$Base                      0x00002c34   Number         0  anon$$obj.o(Region$$Table)
    Region$$Table$$Limit                     0x00002c54   Number         0  anon$$obj.o(Region$$Table)
    SystemCoreClock                          0x20000000   Data           4  system_arty_cm1.o(.data)
    Xil_AssertStatus                         0x20000004   Data           4  xil_assert.o(.data)
    Xil_AssertWait                           0x20000008   Data           4  xil_assert.o(.data)
    XGpio_ConfigTable                        0x2000001c   Data          48  xgpio_g.o(.data)
    XSpi_ConfigTable                         0x2000004c   Data         112  xspi_g.o(.data)
    XUartLite_ConfigTable                    0x200000bc   Data          16  xuartlite_g.o(.data)
    UARTSendBuffer                           0x200003a4   Data         256  uart.o(.bss)
    UARTReceiveBuffer                        0x200004a4   Data         256  uart.o(.bss)
    __libspace_start                         0x200005a4   Data          96  libspace.o(.bss)
    __temporary_stack_top$libspace           0x20000604   Data           0  libspace.o(.bss)



==============================================================================

Memory Map of the image

  Image Entry point : 0x000001c1

  Load Region LR_IROM1 (Base: 0x00000000, Size: 0x00002d20, Max: 0x00008000, ABSOLUTE)

    Execution Region ER_IROM1 (Exec base: 0x00000000, Load base: 0x00000000, Size: 0x00002c54, Max: 0x00008000, ABSOLUTE)

    Exec Addr    Load Addr    Size         Type   Attr      Idx    E Section Name        Object

    0x00000000   0x00000000   0x000000c0   Data   RO            3    RESET               startup_arty_cm1.o
    0x000000c0   0x000000c0   0x00000008   Code   RO          709  * !!!main             c_p.l(__main.o)
    0x000000c8   0x000000c8   0x0000003c   Code   RO          901    !!!scatter          c_p.l(__scatter.o)
    0x00000104   0x00000104   0x0000001a   Code   RO          903    !!handler_copy      c_p.l(__scatter_copy.o)
    0x0000011e   0x0000011e   0x00000002   PAD
    0x00000120   0x00000120   0x0000001c   Code   RO          905    !!handler_zi        c_p.l(__scatter_zi.o)
    0x0000013c   0x0000013c   0x00000002   Code   RO          694    .ARM.Collect$$_printf_percent$$00000000  c_p.l(_printf_percent.o)
    0x0000013e   0x0000013e   0x0000000a   Code   RO          693    .ARM.Collect$$_printf_percent$$00000008  c_p.l(_printf_i.o)
    0x00000148   0x00000148   0x0000000a   Code   RO          692    .ARM.Collect$$_printf_percent$$0000000C  c_p.l(_printf_x.o)
    0x00000152   0x00000152   0x0000000a   Code   RO          691    .ARM.Collect$$_printf_percent$$00000014  c_p.l(_printf_s.o)
    0x0000015c   0x0000015c   0x00000004   Code   RO          729    .ARM.Collect$$_printf_percent$$00000017  c_p.l(_printf_percent_end.o)
    0x00000160   0x00000160   0x00000002   Code   RO          820    .ARM.Collect$$libinit$$00000000  c_p.l(libinit.o)
    0x00000162   0x00000162   0x00000000   Code   RO          760    .ARM.Collect$$libinit$$00000002  c_p.l(libinit2.o)
    0x00000162   0x00000162   0x00000000   Code   RO          762    .ARM.Collect$$libinit$$00000004  c_p.l(libinit2.o)
    0x00000162   0x00000162   0x00000000   Code   RO          765    .ARM.Collect$$libinit$$0000000A  c_p.l(libinit2.o)
    0x00000162   0x00000162   0x00000000   Code   RO          767    .ARM.Collect$$libinit$$0000000C  c_p.l(libinit2.o)
    0x00000162   0x00000162   0x00000000   Code   RO          769    .ARM.Collect$$libinit$$0000000E  c_p.l(libinit2.o)
    0x00000162   0x00000162   0x00000000   Code   RO          772    .ARM.Collect$$libinit$$00000011  c_p.l(libinit2.o)
    0x00000162   0x00000162   0x00000000   Code   RO          774    .ARM.Collect$$libinit$$00000013  c_p.l(libinit2.o)
    0x00000162   0x00000162   0x00000000   Code   RO          776    .ARM.Collect$$libinit$$00000015  c_p.l(libinit2.o)
    0x00000162   0x00000162   0x00000000   Code   RO          778    .ARM.Collect$$libinit$$00000017  c_p.l(libinit2.o)
    0x00000162   0x00000162   0x00000000   Code   RO          780    .ARM.Collect$$libinit$$00000019  c_p.l(libinit2.o)
    0x00000162   0x00000162   0x00000000   Code   RO          782    .ARM.Collect$$libinit$$0000001B  c_p.l(libinit2.o)
    0x00000162   0x00000162   0x00000000   Code   RO          784    .ARM.Collect$$libinit$$0000001D  c_p.l(libinit2.o)
    0x00000162   0x00000162   0x00000000   Code   RO          786    .ARM.Collect$$libinit$$0000001F  c_p.l(libinit2.o)
    0x00000162   0x00000162   0x00000000   Code   RO          788    .ARM.Collect$$libinit$$00000021  c_p.l(libinit2.o)
    0x00000162   0x00000162   0x00000000   Code   RO          790    .ARM.Collect$$libinit$$00000023  c_p.l(libinit2.o)
    0x00000162   0x00000162   0x00000000   Code   RO          792    .ARM.Collect$$libinit$$00000025  c_p.l(libinit2.o)
    0x00000162   0x00000162   0x00000000   Code   RO          796    .ARM.Collect$$libinit$$0000002C  c_p.l(libinit2.o)
    0x00000162   0x00000162   0x00000000   Code   RO          798    .ARM.Collect$$libinit$$0000002E  c_p.l(libinit2.o)
    0x00000162   0x00000162   0x00000000   Code   RO          800    .ARM.Collect$$libinit$$00000030  c_p.l(libinit2.o)
    0x00000162   0x00000162   0x00000000   Code   RO          802    .ARM.Collect$$libinit$$00000032  c_p.l(libinit2.o)
    0x00000162   0x00000162   0x00000002   Code   RO          803    .ARM.Collect$$libinit$$00000033  c_p.l(libinit2.o)
    0x00000164   0x00000164   0x00000002   Code   RO          868    .ARM.Collect$$libshutdown$$00000000  c_p.l(libshutdown.o)
    0x00000166   0x00000166   0x00000000   Code   RO          884    .ARM.Collect$$libshutdown$$00000002  c_p.l(libshutdown2.o)
    0x00000166   0x00000166   0x00000000   Code   RO          886    .ARM.Collect$$libshutdown$$00000004  c_p.l(libshutdown2.o)
    0x00000166   0x00000166   0x00000000   Code   RO          889    .ARM.Collect$$libshutdown$$00000007  c_p.l(libshutdown2.o)
    0x00000166   0x00000166   0x00000000   Code   RO          892    .ARM.Collect$$libshutdown$$0000000A  c_p.l(libshutdown2.o)
    0x00000166   0x00000166   0x00000000   Code   RO          894    .ARM.Collect$$libshutdown$$0000000C  c_p.l(libshutdown2.o)
    0x00000166   0x00000166   0x00000000   Code   RO          897    .ARM.Collect$$libshutdown$$0000000F  c_p.l(libshutdown2.o)
    0x00000166   0x00000166   0x00000002   Code   RO          898    .ARM.Collect$$libshutdown$$00000010  c_p.l(libshutdown2.o)
    0x00000168   0x00000168   0x00000000   Code   RO          711    .ARM.Collect$$rtentry$$00000000  c_p.l(__rtentry.o)
    0x00000168   0x00000168   0x00000000   Code   RO          739    .ARM.Collect$$rtentry$$00000002  c_p.l(__rtentry2.o)
    0x00000168   0x00000168   0x00000006   Code   RO          751    .ARM.Collect$$rtentry$$00000004  c_p.l(__rtentry4.o)
    0x0000016e   0x0000016e   0x00000000   Code   RO          741    .ARM.Collect$$rtentry$$00000009  c_p.l(__rtentry2.o)
    0x0000016e   0x0000016e   0x00000004   Code   RO          742    .ARM.Collect$$rtentry$$0000000A  c_p.l(__rtentry2.o)
    0x00000172   0x00000172   0x00000000   Code   RO          744    .ARM.Collect$$rtentry$$0000000C  c_p.l(__rtentry2.o)
    0x00000172   0x00000172   0x00000008   Code   RO          745    .ARM.Collect$$rtentry$$0000000D  c_p.l(__rtentry2.o)
    0x0000017a   0x0000017a   0x00000002   Code   RO          824    .ARM.Collect$$rtexit$$00000000  c_p.l(rtexit.o)
    0x0000017c   0x0000017c   0x00000000   Code   RO          841    .ARM.Collect$$rtexit$$00000002  c_p.l(rtexit2.o)
    0x0000017c   0x0000017c   0x00000004   Code   RO          842    .ARM.Collect$$rtexit$$00000003  c_p.l(rtexit2.o)
    0x00000180   0x00000180   0x00000006   Code   RO          843    .ARM.Collect$$rtexit$$00000004  c_p.l(rtexit2.o)
    0x00000186   0x00000186   0x00000002   PAD
    0x00000188   0x00000188   0x00000038   Code   RO          699    .emb_text           c_p.l(rt_memcpy.o)
    0x000001c0   0x000001c0   0x00000038   Code   RO            4  * .text               startup_arty_cm1.o
    0x000001f8   0x000001f8   0x00000018   Code   RO           12    .text               system_arty_cm1.o
    0x00000210   0x00000210   0x00000014   Code   RO           52    .text               outbyte.o
    0x00000224   0x00000224   0x00000016   Code   RO          108    .text               print.o
    0x0000023a   0x0000023a   0x00000002   PAD
    0x0000023c   0x0000023c   0x00000034   Code   RO          135    .text               xil_assert.o
    0x00000270   0x00000270   0x00000434   Code   RO          180    .text               main.o
    0x000006a4   0x000006a4   0x000001ac   Code   RO          258    .text               gpio.o
    0x00000850   0x00000850   0x00000338   Code   RO          289    .text               spi.o
    0x00000b88   0x00000b88   0x0000009c   Code   RO          336    .text               uart.o
    0x00000c24   0x00000c24   0x00000240   Code   RO          361    .text               xgpio.o
    0x00000e64   0x00000e64   0x00000378   Code   RO          409    .text               xgpio_intr.o
    0x000011dc   0x000011dc   0x00000074   Code   RO          435    .text               xgpio_sinit.o
    0x00001250   0x00001250   0x00000b14   Code   RO          448    .text               xspi.o
    0x00001d64   0x00001d64   0x00000074   Code   RO          508    .text               xspi_sinit.o
    0x00001dd8   0x00001dd8   0x000003d0   Code   RO          535    .text               xuartlite.o
    0x000021a8   0x000021a8   0x0000022c   Code   RO          567    .text               xuartlite_intr.o
    0x000023d4   0x000023d4   0x00000030   Code   RO          580    .text               xuartlite_l.o
    0x00002404   0x00002404   0x00000070   Code   RO          608    .text               xuartlite_sinit.o
    0x00002474   0x00002474   0x000000e0   Code   RO          621    .text               xuartlite_stats.o
    0x00002554   0x00002554   0x00000028   Code   RO          642    .text               c_p.l(noretval__2sprintf.o)
    0x0000257c   0x0000257c   0x0000006c   Code   RO          644    .text               c_p.l(__printf.o)
    0x000025e8   0x000025e8   0x00000052   Code   RO          646    .text               c_p.l(_printf_str.o)
    0x0000263a   0x0000263a   0x00000002   PAD
    0x0000263c   0x0000263c   0x0000006c   Code   RO          648    .text               c_p.l(_printf_dec.o)
    0x000026a8   0x000026a8   0x00000058   Code   RO          653    .text               c_p.l(_printf_hex_int.o)
    0x00002700   0x00002700   0x0000004c   Code   RO          695    .text               c_p.l(strcpy.o)
    0x0000274c   0x0000274c   0x00000006   Code   RO          707    .text               c_p.l(heapauxi.o)
    0x00002752   0x00002752   0x000000b0   Code   RO          721    .text               c_p.l(_printf_intcommon.o)
    0x00002802   0x00002802   0x00000002   PAD
    0x00002804   0x00002804   0x00000030   Code   RO          723    .text               c_p.l(_printf_char_common.o)
    0x00002834   0x00002834   0x0000000a   Code   RO          725    .text               c_p.l(_sputc.o)
    0x0000283e   0x0000283e   0x0000002e   Code   RO          727    .text               c_p.l(_printf_char.o)
    0x0000286c   0x0000286c   0x00000028   Code   RO          733    .text               c_p.l(rtudiv10.o)
    0x00002894   0x00002894   0x00000008   Code   RO          735    .text               c_p.l(libspace.o)
    0x0000289c   0x0000289c   0x0000003e   Code   RO          804    .text               c_p.l(sys_stackheap_outer.o)
    0x000028da   0x000028da   0x00000010   Code   RO          807    .text               c_p.l(exit.o)
    0x000028ea   0x000028ea   0x00000002   PAD
    0x000028ec   0x000028ec   0x0000000c   Code   RO          838    .text               c_p.l(sys_exit.o)
    0x000028f8   0x000028f8   0x00000002   Code   RO          859    .text               c_p.l(use_no_semi.o)
    0x000028fa   0x000028fa   0x00000000   Code   RO          861    .text               c_p.l(indicate_semi.o)
    0x000028fa   0x000028fa   0x00000002   PAD
    0x000028fc   0x000028fc   0x00000020   Data   RO          181    .constdata          main.o
    0x0000291c   0x0000291c   0x00000028   Data   RO          654    .constdata          c_p.l(_printf_hex_int.o)
    0x00002944   0x00002944   0x0000004b   Data   RO          362    .conststring        xgpio.o
    0x0000298f   0x0000298f   0x00000001   PAD
    0x00002990   0x00002990   0x00000050   Data   RO          410    .conststring        xgpio_intr.o
    0x000029e0   0x000029e0   0x00000051   Data   RO          436    .conststring        xgpio_sinit.o
    0x00002a31   0x00002a31   0x00000003   PAD
    0x00002a34   0x00002a34   0x00000049   Data   RO          449    .conststring        xspi.o
    0x00002a7d   0x00002a7d   0x00000003   PAD
    0x00002a80   0x00002a80   0x0000004f   Data   RO          509    .conststring        xspi_sinit.o
    0x00002acf   0x00002acf   0x00000001   PAD
    0x00002ad0   0x00002ad0   0x00000053   Data   RO          536    .conststring        xuartlite.o
    0x00002b23   0x00002b23   0x00000001   PAD
    0x00002b24   0x00002b24   0x00000058   Data   RO          568    .conststring        xuartlite_intr.o
    0x00002b7c   0x00002b7c   0x00000059   Data   RO          609    .conststring        xuartlite_sinit.o
    0x00002bd5   0x00002bd5   0x00000003   PAD
    0x00002bd8   0x00002bd8   0x00000059   Data   RO          622    .conststring        xuartlite_stats.o
    0x00002c31   0x00002c31   0x00000003   PAD
    0x00002c34   0x00002c34   0x00000020   Data   RO          899    Region$$Table       anon$$obj.o


    Execution Region RW_IRAM1 (Exec base: 0x20000000, Load base: 0x00002c54, Size: 0x00001608, Max: 0x00008000, ABSOLUTE)

    Exec Addr    Load Addr    Size         Type   Attr      Idx    E Section Name        Object

    0x20000000   0x00002c54   0x00000004   Data   RW           13    .data               system_arty_cm1.o
    0x20000004   0x00002c58   0x0000000c   Data   RW          136    .data               xil_assert.o
    0x20000010   0x00002c64   0x0000000c   Data   RW          338    .data               uart.o
    0x2000001c   0x00002c70   0x00000030   Data   RW          400    .data               xgpio_g.o
    0x2000004c   0x00002ca0   0x00000070   Data   RW          471    .data               xspi_g.o
    0x200000bc   0x00002d10   0x00000010   Data   RW          558    .data               xuartlite_g.o
    0x200000cc        -       0x00000030   Zero   RW          259    .bss                gpio.o
    0x200000fc        -       0x0000025c   Zero   RW          290    .bss                spi.o
    0x20000358        -       0x0000024c   Zero   RW          337    .bss                uart.o
    0x200005a4        -       0x00000060   Zero   RW          736    .bss                c_p.l(libspace.o)
    0x20000604   0x00002d20   0x00000004   PAD
    0x20000608        -       0x00000c00   Zero   RW            2    HEAP                startup_arty_cm1.o
    0x20001208        -       0x00000400   Zero   RW            1    STACK               startup_arty_cm1.o


==============================================================================

Image component sizes


      Code (inc. data)   RO Data    RW Data    ZI Data      Debug   Object Name

       428         20          0          0         48       8549   gpio.o
      1076        572         32          0          0       9734   main.o
        20          6          0          0          0       2206   outbyte.o
        22          0          0          0          0       2704   print.o
       824         48          0          0        604      10707   spi.o
        56         26        192          0       4096        724   startup_arty_cm1.o
        24          8          0          4          0       6353   system_arty_cm1.o
       156         32          0         12        588       3364   uart.o
       576         14         75          0          0       5107   xgpio.o
         0          0          0         48          0        780   xgpio_g.o
       888         14         80          0          0       3316   xgpio_intr.o
       116         14         81          0          0       1578   xgpio_sinit.o
        52          8          0         12          0       4118   xil_assert.o
      2836         58         73          0          0      10350   xspi.o
         0          0          0        112          0        767   xspi_g.o
       116         12         79          0          0       1615   xspi_sinit.o
       976         18         83          0          0       5546   xuartlite.o
         0          0          0         16          0        820   xuartlite_g.o
       556         12         88          0          0       3264   xuartlite_intr.o
        48          0          0          0          0       1160   xuartlite_l.o
       112         12         89          0          0       1638   xuartlite_sinit.o
       224         14         89          0          0       1566   xuartlite_stats.o

    ----------------------------------------------------------------------
      9108        888       1008        204       5336      85966   Object Totals
         0          0         32          0          0          0   (incl. Generated)
         2          0         15          0          0          0   (incl. Padding)

    ----------------------------------------------------------------------

      Code (inc. data)   RO Data    RW Data    ZI Data      Debug   Library Member Name

         8          0          0          0          0         68   __main.o
       108          0          0          0          0         76   __printf.o
         0          0          0          0          0          0   __rtentry.o
        12          0          0          0          0          0   __rtentry2.o
         6          0          0          0          0          0   __rtentry4.o
        60          8          0          0          0          0   __scatter.o
        26          0          0          0          0          0   __scatter_copy.o
        28          0          0          0          0          0   __scatter_zi.o
        46          0          0          0          0        100   _printf_char.o
        48          6          0          0          0         88   _printf_char_common.o
       108         18          0          0          0         76   _printf_dec.o
        88          4         40          0          0         72   _printf_hex_int.o
        10          0          0          0          0          0   _printf_i.o
       176          0          0          0          0         84   _printf_intcommon.o
         2          0          0          0          0          0   _printf_percent.o
         4          0          0          0          0          0   _printf_percent_end.o
        10          0          0          0          0          0   _printf_s.o
        82          0          0          0          0         72   _printf_str.o
        10          0          0          0          0          0   _printf_x.o
        10          0          0          0          0         60   _sputc.o
        16          0          0          0          0         68   exit.o
         6          0          0          0          0        136   heapauxi.o
         0          0          0          0          0          0   indicate_semi.o
         2          0          0          0          0          0   libinit.o
         2          0          0          0          0          0   libinit2.o
         2          0          0          0          0          0   libshutdown.o
         2          0          0          0          0          0   libshutdown2.o
         8          4          0          0         96         68   libspace.o
        40          4          0          0          0         84   noretval__2sprintf.o
        56          0          0          0          0         68   rt_memcpy.o
         2          0          0          0          0          0   rtexit.o
        10          0          0          0          0          0   rtexit2.o
        40          0          0          0          0         60   rtudiv10.o
        76          6          0          0          0         72   strcpy.o
        12          4          0          0          0         60   sys_exit.o
        62          0          0          0          0         80   sys_stackheap_outer.o
         2          0          0          0          0         68   use_no_semi.o

    ----------------------------------------------------------------------
      1192         54         40          0        100       1460   Library Totals
        12          0          0          0          4          0   (incl. Padding)

    ----------------------------------------------------------------------

      Code (inc. data)   RO Data    RW Data    ZI Data      Debug   Library Name

      1180         54         40          0         96       1460   c_p.l

    ----------------------------------------------------------------------
      1192         54         40          0        100       1460   Library Totals

    ----------------------------------------------------------------------

==============================================================================


      Code (inc. data)   RO Data    RW Data    ZI Data      Debug   

     10300        942       1048        204       5436      85962   Grand Totals
     10300        942       1048        204       5436      85962   ELF Image Totals
     10300        942       1048        204          0          0   ROM Totals

==============================================================================

    Total RO  Size (Code + RO Data)                11348 (  11.08kB)
    Total RW  Size (RW Data + ZI Data)              5640 (   5.51kB)
    Total ROM Size (Code + RO Data + RW Data)      11552 (  11.28kB)

==============================================================================

