<html>
<body>
<pre>
<h1>µVision Build Log</h1>
<h2>Tool Versions:</h2>
IDE-Version: µVision V5.27.1.0
Copyright (C) 2019 ARM Ltd and ARM Germany GmbH. All rights reserved.
License Information: adam taylor, adiuvo engineering & training ltd, LIC=SE745-0JQ4W-SEV8L-YWZIJ-A6NJL-03QC3
 
Tool Versions:
Toolchain:       MDK-ARM Essential  Version: 5.27.1.0
Toolchain Path:  C:\Keil_v5\ARM\ARMCC\Bin
C Compiler:      Armcc.exe V5.06 update 6 (build 750)
Assembler:       Armasm.exe V5.06 update 6 (build 750)
Linker/Locator:  ArmLink.exe V5.06 update 6 (build 750)
Library Manager: ArmAr.exe V5.06 update 6 (build 750)
Hex Converter:   FromElf.exe V5.06 update 6 (build 750)
CPU DLL:         SARMCM3.DLL V5.27.1.0
Dialog DLL:      DARMCM1.DLL V1.19.2.0
Target DLL:      UL2CM3.DLL V1.162.15.0
Dialog DLL:      TARMCM1.DLL V1.14.1.0
 
<h2>Project:</h2>
V:\software\m1_for_arty_s7\Build_Keil\m1_for_arty_s7.uvprojx
Project File Date:  08/13/2019

<h2>Output:</h2>
*** Using Compiler 'V5.06 update 6 (build 750)', folder: 'C:\Keil_v5\ARM\ARMCC\Bin'
Build target 'm1_for_arty_s7'
compiling print.c...
compiling xil_assert.c...
..\sdk_workspace\standalone_bsp_0\Cortex_M1_0\libsrc\standalone_v6_7\src\xil_assert.h(195): warning:  #1-D: last line of file ends without a newline
  */
..\sdk_workspace\standalone_bsp_0\Cortex_M1_0\libsrc\standalone_v6_7\src\xil_assert.c: 1 warning, 0 errors
compiling outbyte.c...
..\sdk_workspace\standalone_bsp_0\CORTEX_M1_0\include\xil_assert.h(195): warning:  #1-D: last line of file ends without a newline
  */
..\sdk_workspace\standalone_bsp_0\Cortex_M1_0\libsrc\standalone_v6_7\src\outbyte.c: 1 warning, 0 errors
compiling xil_printf.c...
..\sdk_workspace\standalone_bsp_0\Cortex_M1_0\libsrc\standalone_v6_7\src\xil_assert.h(195): warning:  #1-D: last line of file ends without a newline
  */
..\sdk_workspace\standalone_bsp_0\Cortex_M1_0\libsrc\standalone_v6_7\src\xil_printf.c: 1 warning, 0 errors
compiling gpio.c...
..\sdk_workspace\standalone_bsp_0\CORTEX_M1_0\include\xil_assert.h(195): warning:  #1-D: last line of file ends without a newline
  */
..\gpio\gpio.c: 1 warning, 0 errors
compiling main.c...
..\sdk_workspace\standalone_bsp_0\CORTEX_M1_0\include\xil_assert.h(195): warning:  #1-D: last line of file ends without a newline
  */
..\main\main.c: 1 warning, 0 errors
compiling xgpio_g.c...
..\sdk_workspace\standalone_bsp_0\CORTEX_M1_0\include\xil_assert.h(195): warning:  #1-D: last line of file ends without a newline
  */
..\sdk_workspace\standalone_bsp_0\Cortex_M1_0\libsrc\gpio_v4_3\src\xgpio_g.c: 1 warning, 0 errors
compiling xgpio.c...
..\sdk_workspace\standalone_bsp_0\CORTEX_M1_0\include\xil_assert.h(195): warning:  #1-D: last line of file ends without a newline
  */
..\sdk_workspace\standalone_bsp_0\Cortex_M1_0\libsrc\gpio_v4_3\src\xgpio.c: 1 warning, 0 errors
compiling spi.c...
..\sdk_workspace\standalone_bsp_0\CORTEX_M1_0\include\xil_assert.h(195): warning:  #1-D: last line of file ends without a newline
  */
..\spi\spi.c: 1 warning, 0 errors
compiling xgpio_extra.c...
..\sdk_workspace\standalone_bsp_0\CORTEX_M1_0\include\xil_assert.h(195): warning:  #1-D: last line of file ends without a newline
  */
..\sdk_workspace\standalone_bsp_0\Cortex_M1_0\libsrc\gpio_v4_3\src\xgpio_extra.c: 1 warning, 0 errors
compiling uart.c...
..\sdk_workspace\standalone_bsp_0\CORTEX_M1_0\include\xil_assert.h(195): warning:  #1-D: last line of file ends without a newline
  */
..\uart\uart.c: 1 warning, 0 errors
compiling xgpio_selftest.c...
..\sdk_workspace\standalone_bsp_0\CORTEX_M1_0\include\xil_assert.h(195): warning:  #1-D: last line of file ends without a newline
  */
..\sdk_workspace\standalone_bsp_0\Cortex_M1_0\libsrc\gpio_v4_3\src\xgpio_selftest.c: 1 warning, 0 errors
compiling xgpio_intr.c...
..\sdk_workspace\standalone_bsp_0\CORTEX_M1_0\include\xil_assert.h(195): warning:  #1-D: last line of file ends without a newline
  */
..\sdk_workspace\standalone_bsp_0\Cortex_M1_0\libsrc\gpio_v4_3\src\xgpio_intr.c: 1 warning, 0 errors
compiling xgpio_sinit.c...
..\sdk_workspace\standalone_bsp_0\CORTEX_M1_0\include\xil_assert.h(195): warning:  #1-D: last line of file ends without a newline
  */
..\sdk_workspace\standalone_bsp_0\Cortex_M1_0\libsrc\gpio_v4_3\src\xgpio_sinit.c: 1 warning, 0 errors
compiling xspi_g.c...
..\sdk_workspace\standalone_bsp_0\CORTEX_M1_0\include\xil_assert.h(195): warning:  #1-D: last line of file ends without a newline
  */
..\sdk_workspace\standalone_bsp_0\Cortex_M1_0\libsrc\spi_v4_4\src\xspi_g.c: 1 warning, 0 errors
compiling xspi_options.c...
..\sdk_workspace\standalone_bsp_0\CORTEX_M1_0\include\xil_assert.h(195): warning:  #1-D: last line of file ends without a newline
  */
..\sdk_workspace\standalone_bsp_0\Cortex_M1_0\libsrc\spi_v4_4\src\xspi_options.c: 1 warning, 0 errors
compiling xspi_sinit.c...
..\sdk_workspace\standalone_bsp_0\CORTEX_M1_0\include\xil_assert.h(195): warning:  #1-D: last line of file ends without a newline
  */
..\sdk_workspace\standalone_bsp_0\Cortex_M1_0\libsrc\spi_v4_4\src\xspi_sinit.c: 1 warning, 0 errors
compiling xspi_selftest.c...
..\sdk_workspace\standalone_bsp_0\CORTEX_M1_0\include\xil_assert.h(195): warning:  #1-D: last line of file ends without a newline
  */
..\sdk_workspace\standalone_bsp_0\Cortex_M1_0\libsrc\spi_v4_4\src\xspi_selftest.c: 1 warning, 0 errors
compiling xspi.c...
..\sdk_workspace\standalone_bsp_0\CORTEX_M1_0\include\xil_assert.h(195): warning:  #1-D: last line of file ends without a newline
  */
..\sdk_workspace\standalone_bsp_0\Cortex_M1_0\libsrc\spi_v4_4\src\xspi.c: 1 warning, 0 errors
compiling xspi_stats.c...
..\sdk_workspace\standalone_bsp_0\CORTEX_M1_0\include\xil_assert.h(195): warning:  #1-D: last line of file ends without a newline
  */
..\sdk_workspace\standalone_bsp_0\Cortex_M1_0\libsrc\spi_v4_4\src\xspi_stats.c: 1 warning, 0 errors
compiling xuartlite.c...
..\sdk_workspace\standalone_bsp_0\CORTEX_M1_0\include\xil_assert.h(195): warning:  #1-D: last line of file ends without a newline
  */
..\sdk_workspace\standalone_bsp_0\Cortex_M1_0\libsrc\uartlite_v3_2\src\xuartlite.c: 1 warning, 0 errors
compiling xuartlite_g.c...
..\sdk_workspace\standalone_bsp_0\CORTEX_M1_0\include\xil_assert.h(195): warning:  #1-D: last line of file ends without a newline
  */
..\sdk_workspace\standalone_bsp_0\Cortex_M1_0\libsrc\uartlite_v3_2\src\xuartlite_g.c: 1 warning, 0 errors
compiling xuartlite_intr.c...
..\sdk_workspace\standalone_bsp_0\CORTEX_M1_0\include\xil_assert.h(195): warning:  #1-D: last line of file ends without a newline
  */
..\sdk_workspace\standalone_bsp_0\Cortex_M1_0\libsrc\uartlite_v3_2\src\xuartlite_intr.c: 1 warning, 0 errors
compiling xuartlite_l.c...
..\sdk_workspace\standalone_bsp_0\CORTEX_M1_0\include\xil_assert.h(195): warning:  #1-D: last line of file ends without a newline
  */
..\sdk_workspace\standalone_bsp_0\Cortex_M1_0\libsrc\uartlite_v3_2\src\xuartlite_l.c: 1 warning, 0 errors
compiling xuartlite_selftest.c...
..\sdk_workspace\standalone_bsp_0\CORTEX_M1_0\include\xil_assert.h(195): warning:  #1-D: last line of file ends without a newline
  */
..\sdk_workspace\standalone_bsp_0\Cortex_M1_0\libsrc\uartlite_v3_2\src\xuartlite_selftest.c: 1 warning, 0 errors
compiling xuartlite_sinit.c...
..\sdk_workspace\standalone_bsp_0\CORTEX_M1_0\include\xil_assert.h(195): warning:  #1-D: last line of file ends without a newline
  */
..\sdk_workspace\standalone_bsp_0\Cortex_M1_0\libsrc\uartlite_v3_2\src\xuartlite_sinit.c: 1 warning, 0 errors
compiling xuartlite_stats.c...
..\sdk_workspace\standalone_bsp_0\CORTEX_M1_0\include\xil_assert.h(195): warning:  #1-D: last line of file ends without a newline
  */
..\sdk_workspace\standalone_bsp_0\Cortex_M1_0\libsrc\uartlite_v3_2\src\xuartlite_stats.c: 1 warning, 0 errors
linking...
Program Size: Code=10300 RO-data=1048 RW-data=204 ZI-data=5436  
FromELF: creating hex file...
After Build - User command #1: make_hex_s7.bat
V:\software\m1_for_arty_s7\Build_Keil>call fromelf --vhx --32x1 --output bram_s7.hex objects\m1_for_arty_s7.axf 
V:\software\m1_for_arty_s7\Build_Keil>call fromelf --elf        --output bram_s7.elf objects\m1_for_arty_s7.axf 
V:\software\m1_for_arty_s7\Build_Keil>call fromelf --vhx --8x1  --output qspi_s7.hex objects\m1_for_arty_s7.axf 
V:\software\m1_for_arty_s7\Build_Keil>call fromelf --bin        --output qspi_s7.bin objects\m1_for_arty_s7.axf 
V:\software\m1_for_arty_s7\Build_Keil>copy bram_s7.* ..\..\..\hardware\m1_for_arty_s7\m1_for_arty_s7 
bram_s7.elf
bram_s7.hex
        2 file(s) copied.
V:\software\m1_for_arty_s7\Build_Keil>copy qspi_s7.hex ..\..\..\hardware\m1_for_arty_s7\testbench 
        1 file(s) copied.
".\objects\m1_for_arty_s7.axf" - 0 Error(s), 26 Warning(s).

<h2>Software Packages used:</h2>

Package Vendor: ARM
                http://www.keil.com/pack/ARM.CMSIS.5.5.1.pack
                ARM.CMSIS.5.5.1
                CMSIS (Cortex Microcontroller Software Interface Standard)
   * Component: CORE Version: 5.2.0

<h2>Collection of Component include folders:</h2>
  .\RTE\_m1_for_arty_s7
  C:\Users\aptay\AppData\Local\Arm\Packs\ARM\CMSIS\5.5.1\CMSIS\Core\Include
  C:\Users\aptay\AppData\Local\Arm\Packs\ARM\CMSIS\5.5.1\Device\ARM\ARMCM0\Include

<h2>Collection of Component Files used:</h2>

   * Component: ARM::CMSIS:CORE:5.2.0
Build Time Elapsed:  00:00:02
</pre>
</body>
</html>
